Component: ARM Compiler 5.06 update 6 (build 750) Tool: armlink [4d35ed]

==============================================================================

Section Cross References

    startup_stm32f407xx.o(RESET) refers to startup_stm32f407xx.o(STACK) for __initial_sp
    startup_stm32f407xx.o(RESET) refers to startup_stm32f407xx.o(.text) for Reset_Handler
    startup_stm32f407xx.o(RESET) refers to stm32f4xx_it.o(i.NMI_Handler) for NMI_Handler
    startup_stm32f407xx.o(RESET) refers to stm32f4xx_it.o(i.HardFault_Handler) for HardFault_Handler
    startup_stm32f407xx.o(RESET) refers to stm32f4xx_it.o(i.MemManage_Handler) for MemManage_Handler
    startup_stm32f407xx.o(RESET) refers to stm32f4xx_it.o(i.BusFault_Handler) for BusFault_Handler
    startup_stm32f407xx.o(RESET) refers to stm32f4xx_it.o(i.UsageFault_Handler) for UsageFault_Handler
    startup_stm32f407xx.o(RESET) refers to stm32f4xx_it.o(i.SVC_Handler) for SVC_Handler
    startup_stm32f407xx.o(RESET) refers to stm32f4xx_it.o(i.DebugMon_Handler) for DebugMon_Handler
    startup_stm32f407xx.o(RESET) refers to stm32f4xx_it.o(i.PendSV_Handler) for PendSV_Handler
    startup_stm32f407xx.o(RESET) refers to stm32f4xx_it.o(i.SysTick_Handler) for SysTick_Handler
    startup_stm32f407xx.o(RESET) refers to stm32f4xx_it.o(i.USART1_IRQHandler) for USART1_IRQHandler
    startup_stm32f407xx.o(.text) refers to system_stm32f4xx.o(i.SystemInit) for SystemInit
    startup_stm32f407xx.o(.text) refers to entry.o(.ARM.Collect$$$$00000000) for __main
    main.o(i.Ac_pf) refers to printfa.o(i.__0vsprintf) for vsprintf
    main.o(i.Ac_pf) refers to strlen.o(.text) for strlen
    main.o(i.Ac_pf) refers to stm32f4xx_hal_uart.o(i.HAL_UART_Transmit) for HAL_UART_Transmit
    main.o(i.Ac_pf) refers to main.o(.bss) for buffer
    main.o(i.Ac_pf) refers to usart.o(.bss) for huart1
    main.o(i.SystemClock_Config) refers to stm32f4xx_hal_rcc.o(i.HAL_RCC_OscConfig) for HAL_RCC_OscConfig
    main.o(i.SystemClock_Config) refers to main.o(i._Error_Handler) for _Error_Handler
    main.o(i.SystemClock_Config) refers to stm32f4xx_hal_rcc.o(i.HAL_RCC_ClockConfig) for HAL_RCC_ClockConfig
    main.o(i.SystemClock_Config) refers to stm32f4xx_hal_rcc.o(i.HAL_RCC_GetHCLKFreq) for HAL_RCC_GetHCLKFreq
    main.o(i.SystemClock_Config) refers to stm32f4xx_hal_cortex.o(i.HAL_SYSTICK_Config) for HAL_SYSTICK_Config
    main.o(i.SystemClock_Config) refers to stm32f4xx_hal_cortex.o(i.HAL_SYSTICK_CLKSourceConfig) for HAL_SYSTICK_CLKSourceConfig
    main.o(i.SystemClock_Config) refers to stm32f4xx_hal_cortex.o(i.HAL_NVIC_SetPriority) for HAL_NVIC_SetPriority
    main.o(i.main) refers to stm32f4xx_hal.o(i.HAL_Init) for HAL_Init
    main.o(i.main) refers to main.o(i.SystemClock_Config) for SystemClock_Config
    main.o(i.main) refers to gpio.o(i.MX_GPIO_Init) for MX_GPIO_Init
    main.o(i.main) refers to crc.o(i.MX_CRC_Init) for MX_CRC_Init
    main.o(i.main) refers to usart.o(i.MX_USART1_UART_Init) for MX_USART1_UART_Init
    main.o(i.main) refers to sdio.o(i.MX_SDIO_SD_Init) for MX_SDIO_SD_Init
    main.o(i.main) refers to fatfs.o(i.MX_FATFS_Init) for MX_FATFS_Init
    main.o(i.main) refers to main.o(i.Ac_pf) for Ac_pf
    main.o(i.main) refers to boot.o(i.boot) for boot
    main.o(i.main) refers to stm32f4xx_hal.o(i.HAL_Delay) for HAL_Delay
    main.o(i.main) refers to stm32f4xx_hal_cortex.o(i.HAL_NVIC_SystemReset) for HAL_NVIC_SystemReset
    main.o(i.main) refers to fatfs.o(.data) for SD_STATUS
    main.o(i.main) refers to main.o(.data) for JumpAddress
    gpio.o(i.MX_GPIO_Init) refers to stm32f4xx_hal_gpio.o(i.HAL_GPIO_WritePin) for HAL_GPIO_WritePin
    gpio.o(i.MX_GPIO_Init) refers to stm32f4xx_hal_gpio.o(i.HAL_GPIO_Init) for HAL_GPIO_Init
    crc.o(i.MX_CRC_Init) refers to stm32f4xx_hal_crc.o(i.HAL_CRC_Init) for HAL_CRC_Init
    crc.o(i.MX_CRC_Init) refers to main.o(i._Error_Handler) for _Error_Handler
    crc.o(i.MX_CRC_Init) refers to crc.o(.data) for hcrc
    bsp_driver_sd.o(i.BSP_SD_DMA_Rx_IRQHandler) refers to stm32f4xx_hal_dma.o(i.HAL_DMA_IRQHandler) for HAL_DMA_IRQHandler
    bsp_driver_sd.o(i.BSP_SD_DMA_Rx_IRQHandler) refers to sdio.o(.bss) for hsd
    bsp_driver_sd.o(i.BSP_SD_DMA_Tx_IRQHandler) refers to stm32f4xx_hal_dma.o(i.HAL_DMA_IRQHandler) for HAL_DMA_IRQHandler
    bsp_driver_sd.o(i.BSP_SD_DMA_Tx_IRQHandler) refers to sdio.o(.bss) for hsd
    bsp_driver_sd.o(i.BSP_SD_Erase) refers to stm32f4xx_hal_sd.o(i.HAL_SD_Erase) for HAL_SD_Erase
    bsp_driver_sd.o(i.BSP_SD_Erase) refers to sdio.o(.bss) for hsd
    bsp_driver_sd.o(i.BSP_SD_GetCardInfo) refers to stm32f4xx_hal_sd.o(i.HAL_SD_GetCardInfo) for HAL_SD_GetCardInfo
    bsp_driver_sd.o(i.BSP_SD_GetCardInfo) refers to sdio.o(.bss) for hsd
    bsp_driver_sd.o(i.BSP_SD_GetCardState) refers to stm32f4xx_hal_sd.o(i.HAL_SD_GetCardState) for HAL_SD_GetCardState
    bsp_driver_sd.o(i.BSP_SD_GetCardState) refers to sdio.o(.bss) for hsd
[...]
    i.HAL_SD_InitCard                        0x08001cfc   Section        0  stm32f4xx_hal_sd.o(i.HAL_SD_InitCard)
    i.HAL_SD_MspInit                         0x08001d80   Section        0  sdio.o(i.HAL_SD_MspInit)
    i.HAL_SD_ReadBlocks                      0x08001dfc   Section        0  stm32f4xx_hal_sd.o(i.HAL_SD_ReadBlocks)
    i.HAL_SD_WriteBlocks                     0x08002048   Section        0  stm32f4xx_hal_sd.o(i.HAL_SD_WriteBlocks)
    i.HAL_SYSTICK_CLKSourceConfig            0x0800224c   Section        0  stm32f4xx_hal_cortex.o(i.HAL_SYSTICK_CLKSourceConfig)
    i.HAL_SYSTICK_Callback                   0x08002274   Section        0  stm32f4xx_hal_cortex.o(i.HAL_SYSTICK_Callback)
    i.HAL_SYSTICK_Config                     0x08002276   Section        0  stm32f4xx_hal_cortex.o(i.HAL_SYSTICK_Config)
    i.HAL_SYSTICK_IRQHandler                 0x080022aa   Section        0  stm32f4xx_hal_cortex.o(i.HAL_SYSTICK_IRQHandler)
    i.HAL_UART_ErrorCallback                 0x080022b2   Section        0  stm32f4xx_hal_uart.o(i.HAL_UART_ErrorCallback)
    i.HAL_UART_IRQHandler                    0x080022b4   Section        0  stm32f4xx_hal_uart.o(i.HAL_UART_IRQHandler)
    i.HAL_UART_Init                          0x08002400   Section        0  stm32f4xx_hal_uart.o(i.HAL_UART_Init)
    i.HAL_UART_MspInit                       0x08002474   Section        0  usart.o(i.HAL_UART_MspInit)
    i.HAL_UART_RxCpltCallback                0x080024e0   Section        0  stm32f4xx_hal_uart.o(i.HAL_UART_RxCpltCallback)
    i.HAL_UART_Transmit                      0x080024e2   Section        0  stm32f4xx_hal_uart.o(i.HAL_UART_Transmit)
    i.HAL_UART_TxCpltCallback                0x080025b8   Section        0  stm32f4xx_hal_uart.o(i.HAL_UART_TxCpltCallback)
    i.HardFault_Handler                      0x080025ba   Section        0  stm32f4xx_it.o(i.HardFault_Handler)
    i.MX_CRC_Init                            0x080025c0   Section        0  crc.o(i.MX_CRC_Init)
    i.MX_FATFS_Init                          0x080025f4   Section        0  fatfs.o(i.MX_FATFS_Init)
    i.MX_GPIO_Init                           0x08002644   Section        0  gpio.o(i.MX_GPIO_Init)
    i.MX_SDIO_SD_Init                        0x08002710   Section        0  sdio.o(i.MX_SDIO_SD_Init)
    i.MX_USART1_UART_Init                    0x08002734   Section        0  usart.o(i.MX_USART1_UART_Init)
    i.MemManage_Handler                      0x08002780   Section        0  stm32f4xx_it.o(i.MemManage_Handler)
    i.NMI_Handler                            0x08002784   Section        0  stm32f4xx_it.o(i.NMI_Handler)
    i.NVIC_GetPriorityGrouping               0x08002788   Section        0  stm32f4xx_hal_cortex.o(i.NVIC_GetPriorityGrouping)
    NVIC_GetPriorityGrouping                 0x08002789   Thumb Code    10  stm32f4xx_hal_cortex.o(i.NVIC_GetPriorityGrouping)
    i.NVIC_SetPriority                       0x08002798   Section        0  stm32f4xx_hal_cortex.o(i.NVIC_SetPriority)
    NVIC_SetPriority                         0x08002799   Thumb Code    32  stm32f4xx_hal_cortex.o(i.NVIC_SetPriority)
    i.PendSV_Handler                         0x080027c0   Section        0  stm32f4xx_it.o(i.PendSV_Handler)
    i.SDIO_ConfigData                        0x080027c2   Section        0  stm32f4xx_ll_sdmmc.o(i.SDIO_ConfigData)
    i.SDIO_GetCommandResponse                0x080027ee   Section        0  stm32f4xx_ll_sdmmc.o(i.SDIO_GetCommandResponse)
    i.SDIO_GetPowerState                     0x080027f6   Section        0  stm32f4xx_ll_sdmmc.o(i.SDIO_GetPowerState)
    i.SDIO_GetResponse                       0x08002800   Section        0  stm32f4xx_ll_sdmmc.o(i.SDIO_GetResponse)
    i.SDIO_Init                              0x08002816   Section        0  stm32f4xx_ll_sdmmc.o(i.SDIO_Init)
    i.SDIO_PowerState_ON                     0x0800284a   Section        0  stm32f4xx_ll_sdmmc.o(i.SDIO_PowerState_ON)
    i.SDIO_ReadFIFO                          0x08002854   Section        0  stm32f4xx_ll_sdmmc.o(i.SDIO_ReadFIFO)
    i.SDIO_SendCommand                       0x0800285c   Section        0  stm32f4xx_ll_sdmmc.o(i.SDIO_SendCommand)
    i.SDIO_WriteFIFO                         0x08002884   Section        0  stm32f4xx_ll_sdmmc.o(i.SDIO_WriteFIFO)
    i.SDMMC_CmdAppCommand                    0x08002890   Section        0  stm32f4xx_ll_sdmmc.o(i.SDMMC_CmdAppCommand)
    i.SDMMC_CmdAppOperCommand                0x080028cc   Section        0  stm32f4xx_ll_sdmmc.o(i.SDMMC_CmdAppOperCommand)
    i.SDMMC_CmdBlockLength                   0x08002908   Section        0  stm32f4xx_ll_sdmmc.o(i.SDMMC_CmdBlockLength)
    i.SDMMC_CmdBusWidth                      0x08002942   Section        0  stm32f4xx_ll_sdmmc.o(i.SDMMC_CmdBusWidth)
    i.SDMMC_CmdGoIdleState                   0x0800297c   Section        0  stm32f4xx_ll_sdmmc.o(i.SDMMC_CmdGoIdleState)
    i.SDMMC_CmdOperCond                      0x080029aa   Section        0  stm32f4xx_ll_sdmmc.o(i.SDMMC_CmdOperCond)
    i.SDMMC_CmdReadMultiBlock                0x080029e0   Section        0  stm32f4xx_ll_sdmmc.o(i.SDMMC_CmdReadMultiBlock)
    i.SDMMC_CmdReadSingleBlock               0x08002a1a   Section        0  stm32f4xx_ll_sdmmc.o(i.SDMMC_CmdReadSingleBlock)
    i.SDMMC_CmdSelDesel                      0x08002a54   Section        0  stm32f4xx_ll_sdmmc.o(i.SDMMC_CmdSelDesel)
    i.SDMMC_CmdSendCID                       0x08002a90   Section        0  stm32f4xx_ll_sdmmc.o(i.SDMMC_CmdSendCID)
    i.SDMMC_CmdSendCSD                       0x08002ac4   Section        0  stm32f4xx_ll_sdmmc.o(i.SDMMC_CmdSendCSD)
    i.SDMMC_CmdSendSCR                       0x08002af8   Section        0  stm32f4xx_ll_sdmmc.o(i.SDMMC_CmdSendSCR)
    i.SDMMC_CmdSendStatus                    0x08002b32   Section        0  stm32f4xx_ll_sdmmc.o(i.SDMMC_CmdSendStatus)
    i.SDMMC_CmdSetRelAdd                     0x08002b6c   Section        0  stm32f4xx_ll_sdmmc.o(i.SDMMC_CmdSetRelAdd)
    i.SDMMC_CmdStopTransfer                  0x08002ba8   Section        0  stm32f4xx_ll_sdmmc.o(i.SDMMC_CmdStopTransfer)
    i.SDMMC_CmdWriteMultiBlock               0x08002be4   Section        0  stm32f4xx_ll_sdmmc.o(i.SDMMC_CmdWriteMultiBlock)
    i.SDMMC_CmdWriteSingleBlock              0x08002c1e   Section        0  stm32f4xx_ll_sdmmc.o(i.SDMMC_CmdWriteSingleBlock)
    i.SDMMC_GetCmdError                      0x08002c58   Section        0  stm32f4xx_ll_sdmmc.o(i.SDMMC_GetCmdError)
    SDMMC_GetCmdError                        0x08002c59   Thumb Code    60  stm32f4xx_ll_sdmmc.o(i.SDMMC_GetCmdError)
    i.SDMMC_GetCmdResp1                      0x08002c98   Section        0  stm32f4xx_ll_sdmmc.o(i.SDMMC_GetCmdResp1)
    SDMMC_GetCmdResp1                        0x08002c99   Thumb Code   412  stm32f4xx_ll_sdmmc.o(i.SDMMC_GetCmdResp1)
    i.SDMMC_GetCmdResp2                      0x08002e3c   Section        0  stm32f4xx_ll_sdmmc.o(i.SDMMC_GetCmdResp2)
    SDMMC_GetCmdResp2                        0x08002e3d   Thumb Code    88  stm32f4xx_ll_sdmmc.o(i.SDMMC_GetCmdResp2)
    i.SDMMC_GetCmdResp3                      0x08002e98   Section        0  stm32f4xx_ll_sdmmc.o(i.SDMMC_GetCmdResp3)
    SDMMC_GetCmdResp3                        0x08002e99   Thumb Code    74  stm32f4xx_ll_sdmmc.o(i.SDMMC_GetCmdResp3)
    i.SDMMC_GetCmdResp6                      0x08002ee8   Section        0  stm32f4xx_ll_sdmmc.o(i.SDMMC_GetCmdResp6)
    SDMMC_GetCmdResp6                        0x08002ee9   Thumb Code   172  stm32f4xx_ll_sdmmc.o(i.SDMMC_GetCmdResp6)
    i.SDMMC_GetCmdResp7                      0x08002f98   Section        0  stm32f4xx_ll_sdmmc.o(i.SDMMC_GetCmdResp7)
    SDMMC_GetCmdResp7                        0x08002f99   Thumb Code    82  stm32f4xx_ll_sdmmc.o(i.SDMMC_GetCmdResp7)
    i.SD_CheckStatus                         0x08002ff0   Section        0  sd_diskio.o(i.SD_CheckStatus)
    SD_CheckStatus                           0x08002ff1   Thumb Code    34  sd_diskio.o(i.SD_CheckStatus)
    i.SD_FindSCR                             0x08003018   Section        0  stm32f4xx_hal_sd.o(i.SD_FindSCR)
    SD_FindSCR                               0x08003019   Thumb Code   300  stm32f4xx_hal_sd.o(i.SD_FindSCR)
    i.SD_InitCard                            0x08003144   Section        0  stm32f4xx_hal_sd.o(i.SD_InitCard)
    SD_InitCard                              0x08003145   Thumb Code   252  stm32f4xx_hal_sd.o(i.SD_InitCard)
    i.SD_PowerON                             0x08003240   Section        0  stm32f4xx_hal_sd.o(i.SD_PowerON)
    SD_PowerON                               0x08003241   Thumb Code   238  stm32f4xx_hal_sd.o(i.SD_PowerON)
    i.SD_SendStatus                          0x0800332e   Section        0  stm32f4xx_hal_sd.o(i.SD_SendStatus)
    SD_SendStatus                            0x0800332f   Thumb Code    50  stm32f4xx_hal_sd.o(i.SD_SendStatus)
    i.SD_WideBus_Disable                     0x08003360   Section        0  stm32f4xx_hal_sd.o(i.SD_WideBus_Disable)
    SD_WideBus_Disable                       0x08003361   Thumb Code   106  stm32f4xx_hal_sd.o(i.SD_WideBus_Disable)
    i.SD_WideBus_Enable                      0x080033ca   Section        0  stm32f4xx_hal_sd.o(i.SD_WideBus_Enable)
    SD_WideBus_Enable                        0x080033cb   Thumb Code   106  stm32f4xx_hal_sd.o(i.SD_WideBus_Enable)
    i.SD_initialize                          0x08003434   Section        0  sd_diskio.o(i.SD_initialize)
    i.SD_ioctl                               0x08003458   Section        0  sd_diskio.o(i.SD_ioctl)
    i.SD_read                                0x080034c4   Section        0  sd_diskio.o(i.SD_read)
    i.SD_status                              0x080034f2   Section        0  sd_diskio.o(i.SD_status)
    i.SD_write                               0x080034fe   Section        0  sd_diskio.o(i.SD_write)
    i.SVC_Handler                            0x0800352c   Section        0  stm32f4xx_it.o(i.SVC_Handler)
    i.SysTick_Handler                        0x0800352e   Section        0  stm32f4xx_it.o(i.SysTick_Handler)
    i.SystemClock_Config                     0x0800353c   Section        0  main.o(i.SystemClock_Config)
    i.SystemInit                             0x08003618   Section        0  system_stm32f4xx.o(i.SystemInit)
    i.U8checkSum                             0x0800367c   Section        0  boot.o(i.U8checkSum)
    i.UART_DMAAbortOnError                   0x08003696   Section        0  stm32f4xx_hal_uart.o(i.UART_DMAAbortOnError)
    UART_DMAAbortOnError                     0x08003697   Thumb Code    20  stm32f4xx_hal_uart.o(i.UART_DMAAbortOnError)
    i.UART_EndRxTransfer                     0x080036aa   Section        0  stm32f4xx_hal_uart.o(i.UART_EndRxTransfer)
    UART_EndRxTransfer                       0x080036ab   Thumb Code    32  stm32f4xx_hal_uart.o(i.UART_EndRxTransfer)
    i.UART_EndTransmit_IT                    0x080036ca   Section        0  stm32f4xx_hal_uart.o(i.UART_EndTransmit_IT)
    UART_EndTransmit_IT                      0x080036cb   Thumb Code    32  stm32f4xx_hal_uart.o(i.UART_EndTransmit_IT)
    i.UART_Receive_IT                        0x080036ea   Section        0  stm32f4xx_hal_uart.o(i.UART_Receive_IT)
    UART_Receive_IT                          0x080036eb   Thumb Code   154  stm32f4xx_hal_uart.o(i.UART_Receive_IT)
    i.UART_SetConfig                         0x08003784   Section        0  stm32f4xx_hal_uart.o(i.UART_SetConfig)
    UART_SetConfig                           0x08003785   Thumb Code   864  stm32f4xx_hal_uart.o(i.UART_SetConfig)
    i.UART_Transmit_IT                       0x08003aec   Section        0  stm32f4xx_hal_uart.o(i.UART_Transmit_IT)
    UART_Transmit_IT                         0x08003aed   Thumb Code   104  stm32f4xx_hal_uart.o(i.UART_Transmit_IT)
    i.UART_WaitOnFlagUntilTimeout            0x08003b54   Section        0  stm32f4xx_hal_uart.o(i.UART_WaitOnFlagUntilTimeout)
    UART_WaitOnFlagUntilTimeout              0x08003b55   Thumb Code   108  stm32f4xx_hal_uart.o(i.UART_WaitOnFlagUntilTimeout)
    i.USART1_IRQHandler                      0x08003bc0   Section        0  stm32f4xx_it.o(i.USART1_IRQHandler)
    i.UsageFault_Handler                     0x08003bd0   Section        0  stm32f4xx_it.o(i.UsageFault_Handler)
    i._Error_Handler                         0x08003bd4   Section        0  main.o(i._Error_Handler)
    i.__0sprintf                             0x08003bd8   Section        0  printfa.o(i.__0sprintf)
    i.__0vsprintf                            0x08003c00   Section        0  printfa.o(i.__0vsprintf)
    i.__scatterload_copy                     0x08003c24   Section       14  handlers.o(i.__scatterload_copy)
    i.__scatterload_null                     0x08003c32   Section        2  handlers.o(i.__scatterload_null)
    i.__scatterload_zeroinit                 0x08003c34   Section       14  handlers.o(i.__scatterload_zeroinit)
    i._fp_digits                             0x08003c44   Section        0  printfa.o(i._fp_digits)
    _fp_digits                               0x08003c45   Thumb Code   366  printfa.o(i._fp_digits)
    i._printf_core                           0x08003dc8   Section        0  printfa.o(i._printf_core)
    _printf_core                             0x08003dc9   Thumb Code  1744  printfa.o(i._printf_core)
    i._printf_post_padding                   0x080044a4   Section        0  printfa.o(i._printf_post_padding)
    _printf_post_padding                     0x080044a5   Thumb Code    36  printfa.o(i._printf_post_padding)
    i._printf_pre_padding                    0x080044c8   Section        0  printfa.o(i._printf_pre_padding)
    _printf_pre_padding                      0x080044c9   Thumb Code    46  printfa.o(i._printf_pre_padding)
    i._sputc                                 0x080044f6   Section        0  printfa.o(i._sputc)
    _sputc                                   0x080044f7   Thumb Code    10  printfa.o(i._sputc)
    i.boot                                   0x08004500   Section        0  boot.o(i.boot)
    i.check_fs                               0x0800469c   Section        0  ff.o(i.check_fs)
    check_fs                                 0x0800469d   Thumb Code   116  ff.o(i.check_fs)
    i.chk_chr                                0x08004718   Section        0  ff.o(i.chk_chr)
    chk_chr                                  0x08004719   Thumb Code    20  ff.o(i.chk_chr)
    i.chk_lock                               0x0800472c   Section        0  ff.o(i.chk_lock)
    chk_lock                                 0x0800472d   Thumb Code   120  ff.o(i.chk_lock)
    i.clear_lock                             0x080047a8   Section        0  ff.o(i.clear_lock)
    clear_lock                               0x080047a9   Thumb Code    36  ff.o(i.clear_lock)
    i.clmt_clust                             0x080047d0   Section        0  ff.o(i.clmt_clust)
    clmt_clust                               0x080047d1   Thumb Code    50  ff.o(i.clmt_clust)
    i.clust2sect                             0x08004802   Section        0  ff.o(i.clust2sect)
    clust2sect                               0x08004803   Thumb Code    26  ff.o(i.clust2sect)
    i.create_chain                           0x0800481c   Section        0  ff.o(i.create_chain)
    create_chain                             0x0800481d   Thumb Code   222  ff.o(i.create_chain)
    i.create_name                            0x080048fc   Section        0  ff.o(i.create_name)
    create_name                              0x080048fd   Thumb Code   204  ff.o(i.create_name)
    i.dec_lock                               0x080049dc   Section        0  ff.o(i.dec_lock)
    dec_lock                                 0x080049dd   Thumb Code    64  ff.o(i.dec_lock)
    i.dir_alloc                              0x08004a20   Section        0  ff.o(i.dir_alloc)
    dir_alloc                                0x08004a21   Thumb Code    96  ff.o(i.dir_alloc)
    i.dir_find                               0x08004a80   Section        0  ff.o(i.dir_find)
    dir_find                                 0x08004a81   Thumb Code   108  ff.o(i.dir_find)
    i.dir_next                               0x08004aec   Section        0  ff.o(i.dir_next)
    dir_next                                 0x08004aed   Thumb Code   268  ff.o(i.dir_next)
    i.dir_read                               0x08004bf8   Section        0  ff.o(i.dir_read)
    dir_read                                 0x08004bf9   Thumb Code   116  ff.o(i.dir_read)
    i.dir_register                           0x08004c6c   Section        0  ff.o(i.dir_register)
    dir_register                             0x08004c6d   Thumb Code    60  ff.o(i.dir_register)
    i.dir_remove                             0x08004ca8   Section        0  ff.o(i.dir_remove)
    dir_remove                               0x08004ca9   Thumb Code    32  ff.o(i.dir_remove)
    i.dir_sdi                                0x08004cc8   Section        0  ff.o(i.dir_sdi)
    dir_sdi                                  0x08004cc9   Thumb Code   154  ff.o(i.dir_sdi)
    i.disk_initialize                        0x08004d64   Section        0  diskio.o(i.disk_initialize)
    i.disk_ioctl                             0x08004d90   Section        0  diskio.o(i.disk_ioctl)
    i.disk_read                              0x08004db8   Section        0  diskio.o(i.disk_read)
    i.disk_status                            0x08004de8   Section        0  diskio.o(i.disk_status)
    i.disk_write                             0x08004e04   Section        0  diskio.o(i.disk_write)
    i.enq_lock                               0x08004e34   Section        0  ff.o(i.enq_lock)
    enq_lock                                 0x08004e35   Thumb Code    34  ff.o(i.enq_lock)
    i.f_close                                0x08004e5c   Section        0  ff.o(i.f_close)
    i.f_mkfs                                 0x08004e88   Section        0  ff.o(i.f_mkfs)
    i.f_mount                                0x0800550c   Section        0  ff.o(i.f_mount)
    i.f_open                                 0x0800556c   Section        0  ff.o(i.f_open)
    i.f_read                                 0x0800579c   Section        0  ff.o(i.f_read)
    i.f_sync                                 0x08005948   Section        0  ff.o(i.f_sync)
    i.f_unlink                               0x080059e8   Section        0  ff.o(i.f_unlink)
    i.f_write                                0x08005a9e   Section        0  ff.o(i.f_write)
    i.fatfsTeat                              0x08005c8c   Section        0  fatfs.o(i.fatfsTeat)
    i.fileErrProcess                         0x08005d6c   Section        0  fatfs.o(i.fileErrProcess)
    i.find_volume                            0x08005d90   Section        0  ff.o(i.find_volume)
    find_volume                              0x08005d91   Thumb Code   750  ff.o(i.find_volume)
    i.follow_path                            0x08006090   Section        0  ff.o(i.follow_path)
    follow_path                              0x08006091   Thumb Code   162  ff.o(i.follow_path)
    i.get_fat                                0x08006132   Section        0  ff.o(i.get_fat)
    get_fat                                  0x08006133   Thumb Code   224  ff.o(i.get_fat)
    i.get_fattime                            0x08006212   Section        0  fatfs.o(i.get_fattime)
    i.get_ldnumber                           0x08006216   Section        0  ff.o(i.get_ldnumber)
    get_ldnumber                             0x08006217   Thumb Code    72  ff.o(i.get_ldnumber)
    i.inc_lock                               0x08006260   Section        0  ff.o(i.inc_lock)
    inc_lock                                 0x08006261   Thumb Code   182  ff.o(i.inc_lock)
    i.ld_clust                               0x0800631c   Section        0  ff.o(i.ld_clust)
    ld_clust                                 0x0800631d   Thumb Code    38  ff.o(i.ld_clust)
    i.ld_dword                               0x08006342   Section        0  ff.o(i.ld_dword)
    ld_dword                                 0x08006343   Thumb Code    24  ff.o(i.ld_dword)
    i.ld_word                                0x0800635a   Section        0  ff.o(i.ld_word)
    ld_word                                  0x0800635b   Thumb Code    12  ff.o(i.ld_word)
    i.main                                   0x08006368   Section        0  main.o(i.main)
    i.mem_cmp                                0x08006418   Section        0  ff.o(i.mem_cmp)
    mem_cmp                                  0x08006419   Thumb Code    36  ff.o(i.mem_cmp)
    i.mem_cpy                                0x0800643c   Section        0  ff.o(i.mem_cpy)
    mem_cpy                                  0x0800643d   Thumb Code    26  ff.o(i.mem_cpy)
    i.mem_set                                0x08006456   Section        0  ff.o(i.mem_set)
    mem_set                                  0x08006457   Thumb Code    18  ff.o(i.mem_set)
    i.move_window                            0x08006468   Section        0  ff.o(i.move_window)
    move_window                              0x08006469   Thumb Code    52  ff.o(i.move_window)
    i.put_fat                                0x0800649c   Section        0  ff.o(i.put_fat)
    put_fat                                  0x0800649d   Thumb Code   312  ff.o(i.put_fat)
    i.readLoadInfo                           0x080065d4   Section        0  boot.o(i.readLoadInfo)
    i.remove_chain                           0x08006784   Section        0  ff.o(i.remove_chain)
    remove_chain                             0x08006785   Thumb Code   154  ff.o(i.remove_chain)
    i.saveLoadInfo                           0x08006820   Section        0  boot.o(i.saveLoadInfo)
    i.st_clust                               0x080068b4   Section        0  ff.o(i.st_clust)
    st_clust                                 0x080068b5   Thumb Code    36  ff.o(i.st_clust)
    i.st_dword                               0x080068d8   Section        0  ff.o(i.st_dword)
    st_dword                                 0x080068d9   Thumb Code    24  ff.o(i.st_dword)
    i.st_word                                0x080068f0   Section        0  ff.o(i.st_word)
    st_word                                  0x080068f1   Thumb Code    12  ff.o(i.st_word)
    i.sync_fs                                0x080068fc   Section        0  ff.o(i.sync_fs)
    sync_fs                                  0x080068fd   Thumb Code   134  ff.o(i.sync_fs)
    i.sync_window                            0x0800698c   Section        0  ff.o(i.sync_window)
    sync_window                              0x0800698d   Thumb Code    82  ff.o(i.sync_window)
    i.validate                               0x080069de   Section        0  ff.o(i.validate)
    validate                                 0x080069df   Thumb Code    60  ff.o(i.validate)
    .constdata                               0x08006a1c   Section       20  sd_diskio.o(.constdata)
    .constdata                               0x08006a30   Section       24  system_stm32f4xx.o(.constdata)
    .constdata                               0x08006a48   Section      156  ff.o(.constdata)
    ExCvt                                    0x08006a48   Data         128  ff.o(.constdata)
    cst                                      0x08006ac8   Data          14  ff.o(.constdata)
    cst32                                    0x08006ad6   Data          14  ff.o(.constdata)
    .data                                    0x20000000   Section        8  main.o(.data)
    .data                                    0x20000008   Section        8  crc.o(.data)
    .data                                    0x20000010   Section        1  sd_diskio.o(.data)
    Stat                                     0x20000010   Data           1  sd_diskio.o(.data)
    .data                                    0x20000011   Section        6  fatfs.o(.data)
    .data                                    0x20000018   Section        9  stm32f4xx_hal.o(.data)
    .data                                    0x20000024   Section        4  system_stm32f4xx.o(.data)
    .data                                    0x20000028   Section        6  ff.o(.data)
    FatFs                                    0x20000028   Data           4  ff.o(.data)
    Fsid                                     0x2000002c   Data           2  ff.o(.data)
    .bss                                     0x20000030   Section     1024  main.o(.bss)
    buffer                                   0x20000030   Data        1024  main.o(.bss)
    .bss                                     0x20000430   Section     1888  fatfs.o(.bss)
    buffer                                   0x20000890   Data         512  fatfs.o(.bss)
    .bss                                     0x20000b90   Section      132  sdio.o(.bss)
    .bss                                     0x20000c14   Section       64  usart.o(.bss)
    .bss                                     0x20000c54   Section      533  boot.o(.bss)
    .bss                                     0x20000e6c   Section       32  stm32f4xx_hal_flash.o(.bss)
    .bss                                     0x20000e8c   Section       32  ff.o(.bss)
    Files                                    0x20000e8c   Data          32  ff.o(.bss)
    .bss                                     0x20000eac   Section       12  ff_gen_drv.o(.bss)
    STACK                                    0x20000eb8   Section     2048  startup_stm32f407xx.o(STACK)

    Global Symbols

    Symbol Name                              Value     Ov Type        Size  Object(Section)

    BuildAttributes$$THM_ISAv4$E$P$D$K$B$S$7EM$VFPi3$EXTD16$VFPS$VFMA$PE$A:L22UL41UL21$X:L11$S22US41US21$IEEE1$IW$USESV6$~STKCKD$USESV7$~SHL$OSPACE$ROPI$EBA8$MICROLIB$REQ8$PRES8$EABIv2 0x00000000   Number         0  anon$$obj.o ABSOLUTE
    __ARM_use_no_argv                        0x00000000   Number         0  main.o ABSOLUTE
    _printf_a                                0x00000000   Number         0  stubs.o ABSOLUTE
    _printf_c                                0x00000000   Number         0  stubs.o ABSOLUTE
    _printf_charcount                        0x00000000   Number         0  stubs.o ABSOLUTE
    _printf_d                                0x00000000   Number         0  stubs.o ABSOLUTE
    _printf_e                                0x00000000   Number         0  stubs.o ABSOLUTE
    _printf_f                                0x00000000   Number         0  stubs.o ABSOLUTE
    _printf_flags                            0x00000000   Number         0  stubs.o ABSOLUTE
    _printf_fp_dec                           0x00000000   Number         0  stubs.o ABSOLUTE
    _printf_fp_hex                           0x00000000   Number         0  stubs.o ABSOLUTE
    _printf_g                                0x00000000   Number         0  stubs.o ABSOLUTE
    _printf_i                                0x00000000   Number         0  stubs.o ABSOLUTE
    _printf_int_dec                          0x00000000   Number         0  stubs.o ABSOLUTE
    _printf_l                                0x00000000   Number         0  stubs.o ABSOLUTE
    _printf_lc                               0x00000000   Number         0  stubs.o ABSOLUTE
    _printf_ll                               0x00000000   Number         0  stubs.o ABSOLUTE
    _printf_lld                              0x00000000   Number         0  stubs.o ABSOLUTE
    _printf_lli                              0x00000000   Number         0  stubs.o ABSOLUTE
    _printf_llo                              0x00000000   Number         0  stubs.o ABSOLUTE
    _printf_llu                              0x00000000   Number         0  stubs.o ABSOLUTE
    _printf_llx                              0x00000000   Number         0  stubs.o ABSOLUTE
    _printf_longlong_dec                     0x00000000   Number         0  stubs.o ABSOLUTE
    _printf_longlong_hex                     0x00000000   Number         0  stubs.o ABSOLUTE
    _printf_longlong_oct                     0x00000000   Number         0  stubs.o ABSOLUTE
    _printf_ls                               0x00000000   Number         0  stubs.o ABSOLUTE
    _printf_mbtowc                           0x00000000   Number         0  stubs.o ABSOLUTE
    _printf_n                                0x00000000   Number         0  stubs.o ABSOLUTE
    _printf_o                                0x00000000   Number         0  stubs.o ABSOLUTE
    _printf_p                                0x00000000   Number         0  stubs.o ABSOLUTE
    _printf_percent                          0x00000000   Number         0  stubs.o ABSOLUTE
    _printf_pre_padding                      0x00000000   Number         0  stubs.o ABSOLUTE
    _printf_return_value                     0x00000000   Number         0  stubs.o ABSOLUTE
    _printf_s                                0x00000000   Number         0  stubs.o ABSOLUTE
    _printf_sizespec                         0x00000000   Number         0  stubs.o ABSOLUTE
    _printf_str                              0x00000000   Number         0  stubs.o ABSOLUTE
    _printf_truncate_signed                  0x00000000   Number         0  stubs.o ABSOLUTE
    _printf_truncate_unsigned                0x00000000   Number         0  stubs.o ABSOLUTE
    _printf_u                                0x00000000   Number         0  stubs.o ABSOLUTE
    _printf_wc                               0x00000000   Number         0  stubs.o ABSOLUTE
    _printf_wctomb                           0x00000000   Number         0  stubs.o ABSOLUTE
    _printf_widthprec                        0x00000000   Number         0  stubs.o ABSOLUTE
    _printf_x                                0x00000000   Number         0  stubs.o ABSOLUTE
    __cpp_initialize__aeabi_                  - Undefined Weak Reference
    __cxa_finalize                            - Undefined Weak Reference
    __decompress                              - Undefined Weak Reference
    _clock_init                               - Undefined Weak Reference
    _microlib_exit                            - Undefined Weak Reference
    __Vectors_Size                           0x00000188   Number         0  startup_stm32f407xx.o ABSOLUTE
    __Vectors                                0x08000000   Data           4  startup_stm32f407xx.o(RESET)
    __Vectors_End                            0x08000188   Data           0  startup_stm32f407xx.o(RESET)
    __main                                   0x08000189   Thumb Code     0  entry.o(.ARM.Collect$$$$00000000)
    _main_stk                                0x08000189   Thumb Code     0  entry2.o(.ARM.Collect$$$$00000001)
    _main_scatterload                        0x0800018d   Thumb Code     0  entry5.o(.ARM.Collect$$$$00000004)
    __main_after_scatterload                 0x08000191   Thumb Code     0  entry5.o(.ARM.Collect$$$$00000004)
    _main_clock                              0x08000191   Thumb Code     0  entry7b.o(.ARM.Collect$$$$00000008)
    _main_cpp_init                           0x08000191   Thumb Code     0  entry8b.o(.ARM.Collect$$$$0000000A)
    _main_init                               0x08000191   Thumb Code     0  entry9a.o(.ARM.Collect$$$$0000000B)
    __rt_final_cpp                           0x08000199   Thumb Code     0  entry10a.o(.ARM.Collect$$$$0000000D)
    __rt_final_exit                          0x08000199   Thumb Code     0  entry11a.o(.ARM.Collect$$$$0000000F)
    Reset_Handler                            0x0800019d   Thumb Code     8  startup_stm32f407xx.o(.text)
    ADC_IRQHandler                           0x080001b7   Thumb Code     0  startup_stm32f407xx.o(.text)
    CAN1_RX0_IRQHandler                      0x080001b7   Thumb Code     0  startup_stm32f407xx.o(.text)
    CAN1_RX1_IRQHandler                      0x080001b7   Thumb Code     0  startup_stm32f407xx.o(.text)
    CAN1_SCE_IRQHandler                      0x080001b7   Thumb Code     0  startup_stm32f407xx.o(.text)
    CAN1_TX_IRQHandler                       0x080001b7   Thumb Code     0  startup_stm32f407xx.o(.text)
    CAN2_RX0_IRQHandler                      0x080001b7   Thumb Code     0  startup_stm32f407xx.o(.text)
    CAN2_RX1_IRQHandler                      0x080001b7   Thumb Code     0  startup_stm32f407xx.o(.text)
    CAN2_SCE_IRQHandler                      0x080001b7   Thumb Code     0  startup_stm32f407xx.o(.text)
    CAN2_TX_IRQHandler                       0x080001b7   Thumb Code     0  startup_stm32f407xx.o(.text)
    DCMI_IRQHandler                          0x080001b7   Thumb Code     0  startup_stm32f407xx.o(.text)
    DMA1_Stream0_IRQHandler                  0x080001b7   Thumb Code     0  startup_stm32f407xx.o(.text)
    DMA1_Stream1_IRQHandler                  0x080001b7   Thumb Code     0  startup_stm32f407xx.o(.text)
    DMA1_Stream2_IRQHandler                  0x080001b7   Thumb Code     0  startup_stm32f407xx.o(.text)
    DMA1_Stream3_IRQHandler                  0x080001b7   Thumb Code     0  startup_stm32f407xx.o(.text)
    DMA1_Stream4_IRQHandler                  0x080001b7   Thumb Code     0  startup_stm32f407xx.o(.text)
    DMA1_Stream5_IRQHandler                  0x080001b7   Thumb Code     0  startup_stm32f407xx.o(.text)
    DMA1_Stream6_IRQHandler                  0x080001b7   Thumb Code     0  startup_stm32f407xx.o(.text)
    DMA1_Stream7_IRQHandler                  0x080001b7   Thumb Code     0  startup_stm32f407xx.o(.text)
    DMA2_Stream0_IRQHandler                  0x080001b7   Thumb Code     0  startup_stm32f407xx.o(.text)
    DMA2_Stream1_IRQHandler                  0x080001b7   Thumb Code     0  startup_stm32f407xx.o(.text)
    DMA2_Stream2_IRQHandler                  0x080001b7   Thumb Code     0  startup_stm32f407xx.o(.text)
    DMA2_Stream3_IRQHandler                  0x080001b7   Thumb Code     0  startup_stm32f407xx.o(.text)
    DMA2_Stream4_IRQHandler                  0x080001b7   Thumb Code     0  startup_stm32f407xx.o(.text)
    DMA2_Stream5_IRQHandler                  0x080001b7   Thumb Code     0  startup_stm32f407xx.o(.text)
    DMA2_Stream6_IRQHandler                  0x080001b7   Thumb Code     0  startup_stm32f407xx.o(.text)
    DMA2_Stream7_IRQHandler                  0x080001b7   Thumb Code     0  startup_stm32f407xx.o(.text)
    ETH_IRQHandler                           0x080001b7   Thumb Code     0  startup_stm32f407xx.o(.text)
    ETH_WKUP_IRQHandler                      0x080001b7   Thumb Code     0  startup_stm32f407xx.o(.text)
    EXTI0_IRQHandler                         0x080001b7   Thumb Code     0  startup_stm32f407xx.o(.text)
    EXTI15_10_IRQHandler                     0x080001b7   Thumb Code     0  startup_stm32f407xx.o(.text)
    EXTI1_IRQHandler                         0x080001b7   Thumb Code     0  startup_stm32f407xx.o(.text)
    EXTI2_IRQHandler                         0x080001b7   Thumb Code     0  startup_stm32f407xx.o(.text)
    EXTI3_IRQHandler                         0x080001b7   Thumb Code     0  startup_stm32f407xx.o(.text)
    EXTI4_IRQHandler                         0x080001b7   Thumb Code     0  startup_stm32f407xx.o(.text)
    EXTI9_5_IRQHandler                       0x080001b7   Thumb Code     0  startup_stm32f407xx.o(.text)
    FLASH_IRQHandler                         0x080001b7   Thumb Code     0  startup_stm32f407xx.o(.text)
    FMC_IRQHandler                           0x080001b7   Thumb Code     0  startup_stm32f407xx.o(.text)
    FPU_IRQHandler                           0x080001b7   Thumb Code     0  startup_stm32f407xx.o(.text)
    HASH_RNG_IRQHandler                      0x080001b7   Thumb Code     0  startup_stm32f407xx.o(.text)
    I2C1_ER_IRQHandler                       0x080001b7   Thumb Code     0  startup_stm32f407xx.o(.text)
    I2C1_EV_IRQHandler                       0x080001b7   Thumb Code     0  startup_stm32f407xx.o(.text)
    I2C2_ER_IRQHandler                       0x080001b7   Thumb Code     0  startup_stm32f407xx.o(.text)
    I2C2_EV_IRQHandler                       0x080001b7   Thumb Code     0  startup_stm32f407xx.o(.text)
    I2C3_ER_IRQHandler                       0x080001b7   Thumb Code     0  startup_stm32f407xx.o(.text)
    I2C3_EV_IRQHandler                       0x080001b7   Thumb Code     0  startup_stm32f407xx.o(.text)
    OTG_FS_IRQHandler                        0x080001b7   Thumb Code     0  startup_stm32f407xx.o(.text)
    OTG_FS_WKUP_IRQHandler                   0x080001b7   Thumb Code     0  startup_stm32f407xx.o(.text)
    OTG_HS_EP1_IN_IRQHandler                 0x080001b7   Thumb Code     0  startup_stm32f407xx.o(.text)
    OTG_HS_EP1_OUT_IRQHandler                0x080001b7   Thumb Code     0  startup_stm32f407xx.o(.text)
    OTG_HS_IRQHandler                        0x080001b7   Thumb Code     0  startup_stm32f407xx.o(.text)
    OTG_HS_WKUP_IRQHandler                   0x080001b7   Thumb Code     0  startup_stm32f407xx.o(.text)
    PVD_IRQHandler                           0x080001b7   Thumb Code     0  startup_stm32f407xx.o(.text)
    RCC_IRQHandler                           0x080001b7   Thumb Code     0  startup_stm32f407xx.o(.text)
    RTC_Alarm_IRQHandler                     0x080001b7   Thumb Code     0  startup_stm32f407xx.o(.text)
    RTC_WKUP_IRQHandler                      0x080001b7   Thumb Code     0  startup_stm32f407xx.o(.text)
    SDIO_IRQHandler                          0x080001b7   Thumb Code     0  startup_stm32f407xx.o(.text)
    SPI1_IRQHandler                          0x080001b7   Thumb Code     0  startup_stm32f407xx.o(.text)
    SPI2_IRQHandler                          0x080001b7   Thumb Code     0  startup_stm32f407xx.o(.text)
    SPI3_IRQHandler                          0x080001b7   Thumb Code     0  startup_stm32f407xx.o(.text)
    TAMP_STAMP_IRQHandler                    0x080001b7   Thumb Code     0  startup_stm32f407xx.o(.text)
    TIM1_BRK_TIM9_IRQHandler                 0x080001b7   Thumb Code     0  startup_stm32f407xx.o(.text)
    TIM1_CC_IRQHandler                       0x080001b7   Thumb Code     0  startup_stm32f407xx.o(.text)
    TIM1_TRG_COM_TIM11_IRQHandler            0x080001b7   Thumb Code     0  startup_stm32f407xx.o(.text)
    TIM1_UP_TIM10_IRQHandler                 0x080001b7   Thumb Code     0  startup_stm32f407xx.o(.text)
    TIM2_IRQHandler                          0x080001b7   Thumb Code     0  startup_stm32f407xx.o(.text)
    TIM3_IRQHandler                          0x080001b7   Thumb Code     0  startup_stm32f407xx.o(.text)
    TIM4_IRQHandler                          0x080001b7   Thumb Code     0  startup_stm32f407xx.o(.text)
    TIM5_IRQHandler                          0x080001b7   Thumb Code     0  startup_stm32f407xx.o(.text)
    TIM6_DAC_IRQHandler                      0x080001b7   Thumb Code     0  startup_stm32f407xx.o(.text)
    TIM7_IRQHandler                          0x080001b7   Thumb Code     0  startup_stm32f407xx.o(.text)
    TIM8_BRK_TIM12_IRQHandler                0x080001b7   Thumb Code     0  startup_stm32f407xx.o(.text)
    TIM8_CC_IRQHandler                       0x080001b7   Thumb Code     0  startup_stm32f407xx.o(.text)
    TIM8_TRG_COM_TIM14_IRQHandler            0x080001b7   Thumb Code     0  startup_stm32f407xx.o(.text)
    TIM8_UP_TIM13_IRQHandler                 0x080001b7   Thumb Code     0  startup_stm32f407xx.o(.text)
    UART4_IRQHandler                         0x080001b7   Thumb Code     0  startup_stm32f407xx.o(.text)
    UART5_IRQHandler                         0x080001b7   Thumb Code     0  startup_stm32f407xx.o(.text)
    USART2_IRQHandler                        0x080001b7   Thumb Code     0  startup_stm32f407xx.o(.text)
    USART3_IRQHandler                        0x080001b7   Thumb Code     0  startup_stm32f407xx.o(.text)
    USART6_IRQHandler                        0x080001b7   Thumb Code     0  startup_stm32f407xx.o(.text)
    WWDG_IRQHandler                          0x080001b7   Thumb Code     0  startup_stm32f407xx.o(.text)
    __aeabi_uldivmod                         0x080001c1   Thumb Code    98  uldiv.o(.text)
    __aeabi_memcpy                           0x08000223   Thumb Code    36  memcpya.o(.text)
    __aeabi_memcpy4                          0x08000223   Thumb Code     0  memcpya.o(.text)
    __aeabi_memcpy8                          0x08000223   Thumb Code     0  memcpya.o(.text)
    strlen                                   0x08000247   Thumb Code    14  strlen.o(.text)
    __aeabi_uidiv                            0x08000255   Thumb Code     0  uidiv.o(.text)
    __aeabi_uidivmod                         0x08000255   Thumb Code    44  uidiv.o(.text)
    __aeabi_llsl                             0x08000281   Thumb Code    30  llshl.o(.text)
    _ll_shift_l                              0x08000281   Thumb Code     0  llshl.o(.text)
    __aeabi_llsr                             0x0800029f   Thumb Code    32  llushr.o(.text)
    _ll_ushift_r                             0x0800029f   Thumb Code     0  llushr.o(.text)
    __I$use$fp                               0x080002bf   Thumb Code     0  iusefp.o(.text)
    __aeabi_dadd                             0x080002bf   Thumb Code   322  dadd.o(.text)
    __aeabi_dsub                             0x08000401   Thumb Code     6  dadd.o(.text)
    __aeabi_drsub                            0x08000407   Thumb Code     6  dadd.o(.text)
    __aeabi_dmul                             0x0800040d   Thumb Code   228  dmul.o(.text)
    __aeabi_ddiv                             0x080004f1   Thumb Code   222  ddiv.o(.text)
    __aeabi_d2ulz                            0x080005cf   Thumb Code    48  dfixul.o(.text)
    __aeabi_cdrcmple                         0x08000601   Thumb Code    48  cdrcmple.o(.text)
    __scatterload                            0x08000631   Thumb Code    28  init.o(.text)
    __scatterload_rt2                        0x08000631   Thumb Code     0  init.o(.text)
    __aeabi_lasr                             0x08000655   Thumb Code    36  llsshr.o(.text)
    _ll_sshift_r                             0x08000655   Thumb Code     0  llsshr.o(.text)
    _double_round                            0x08000679   Thumb Code    30  depilogue.o(.text)
    _double_epilogue                         0x08000697   Thumb Code   156  depilogue.o(.text)
    Ac_pf                                    0x08000735   Thumb Code    54  main.o(i.Ac_pf)
    BSP_SD_GetCardInfo                       0x08000775   Thumb Code    14  bsp_driver_sd.o(i.BSP_SD_GetCardInfo)
    BSP_SD_GetCardState                      0x08000789   Thumb Code    20  bsp_driver_sd.o(i.BSP_SD_GetCardState)
    BSP_SD_Init                              0x080007a1   Thumb Code    44  bsp_driver_sd.o(i.BSP_SD_Init)
    BSP_SD_IsDetected                        0x080007d1   Thumb Code    12  bsp_driver_sd.o(i.BSP_SD_IsDetected)
    BSP_SD_ReadBlocks                        0x080007dd   Thumb Code    42  bsp_driver_sd.o(i.BSP_SD_ReadBlocks)
    BSP_SD_WriteBlocks                       0x0800080d   Thumb Code    42  bsp_driver_sd.o(i.BSP_SD_WriteBlocks)
    BusFault_Handler                         0x0800083d   Thumb Code     4  stm32f4xx_it.o(i.BusFault_Handler)
    DebugMon_Handler                         0x08000841   Thumb Code     2  stm32f4xx_it.o(i.DebugMon_Handler)
    EraseSpace                               0x08000845   Thumb Code    60  flash.o(i.EraseSpace)
    FATFS_LinkDriver                         0x08000885   Thumb Code    18  ff_gen_drv.o(i.FATFS_LinkDriver)
    FATFS_LinkDriverEx                       0x08000899   Thumb Code    78  ff_gen_drv.o(i.FATFS_LinkDriverEx)
    FLASH_Erase_Sector                       0x080008ed   Thumb Code    86  stm32f4xx_hal_flash_ex.o(i.FLASH_Erase_Sector)
    FLASH_FlushCaches                        0x08000949   Thumb Code   114  stm32f4xx_hal_flash_ex.o(i.FLASH_FlushCaches)
    FLASH_WaitForLastOperation               0x08000b29   Thumb Code    90  stm32f4xx_hal_flash.o(i.FLASH_WaitForLastOperation)
    Flash_If_Erase                           0x08000b8d   Thumb Code    50  flash.o(i.Flash_If_Erase)
    Flash_If_Write                           0x08000bbf   Thumb Code    62  flash.o(i.Flash_If_Write)
    HAL_CRC_Init                             0x08000c91   Thumb Code    36  stm32f4xx_hal_crc.o(i.HAL_CRC_Init)
    HAL_CRC_MspInit                          0x08000cb5   Thumb Code    44  crc.o(i.HAL_CRC_MspInit)
    HAL_DMA_Abort_IT                         0x08000ce9   Thumb Code    40  stm32f4xx_hal_dma.o(i.HAL_DMA_Abort_IT)
    HAL_Delay                                0x08000d11   Thumb Code    36  stm32f4xx_hal.o(i.HAL_Delay)
    HAL_FLASHEx_Erase                        0x08000d39   Thumb Code   164  stm32f4xx_hal_flash_ex.o(i.HAL_FLASHEx_Erase)
    HAL_FLASH_Lock                           0x08000de5   Thumb Code    16  stm32f4xx_hal_flash.o(i.HAL_FLASH_Lock)
    HAL_FLASH_Program                        0x08000df9   Thumb Code   142  stm32f4xx_hal_flash.o(i.HAL_FLASH_Program)
    HAL_FLASH_Unlock                         0x08000e91   Thumb Code    38  stm32f4xx_hal_flash.o(i.HAL_FLASH_Unlock)
    HAL_GPIO_Init                            0x08000ec5   Thumb Code   466  stm32f4xx_hal_gpio.o(i.HAL_GPIO_Init)
    HAL_GPIO_WritePin                        0x080010c5   Thumb Code    12  stm32f4xx_hal_gpio.o(i.HAL_GPIO_WritePin)
    HAL_GetTick                              0x080010d1   Thumb Code     6  stm32f4xx_hal.o(i.HAL_GetTick)
    HAL_IncTick                              0x080010dd   Thumb Code    16  stm32f4xx_hal.o(i.HAL_IncTick)
    HAL_Init                                 0x080010f5   Thumb Code    54  stm32f4xx_hal.o(i.HAL_Init)
    HAL_InitTick                             0x08001131   Thumb Code    64  stm32f4xx_hal.o(i.HAL_InitTick)
    HAL_MspInit                              0x0800117d   Thumb Code   150  stm32f4xx_hal_msp.o(i.HAL_MspInit)
    HAL_NVIC_EnableIRQ                       0x08001219   Thumb Code    26  stm32f4xx_hal_cortex.o(i.HAL_NVIC_EnableIRQ)
    HAL_NVIC_SetPriority                     0x08001233   Thumb Code   124  stm32f4xx_hal_cortex.o(i.HAL_NVIC_SetPriority)
    HAL_NVIC_SetPriorityGrouping             0x080012b1   Thumb Code    32  stm32f4xx_hal_cortex.o(i.HAL_NVIC_SetPriorityGrouping)
    HAL_NVIC_SystemReset                     0x080012d9   Thumb Code    60  stm32f4xx_hal_cortex.o(i.HAL_NVIC_SystemReset)
    HAL_RCC_ClockConfig                      0x0800131d   Thumb Code   366  stm32f4xx_hal_rcc.o(i.HAL_RCC_ClockConfig)
    HAL_RCC_GetHCLKFreq                      0x0800149d   Thumb Code     6  stm32f4xx_hal_rcc.o(i.HAL_RCC_GetHCLKFreq)
    HAL_RCC_GetPCLK1Freq                     0x080014a9   Thumb Code    22  stm32f4xx_hal_rcc.o(i.HAL_RCC_GetPCLK1Freq)
    HAL_RCC_GetPCLK2Freq                     0x080014c9   Thumb Code    22  stm32f4xx_hal_rcc.o(i.HAL_RCC_GetPCLK2Freq)
    HAL_RCC_GetSysClockFreq                  0x080014e9   Thumb Code   162  stm32f4xx_hal_rcc.o(i.HAL_RCC_GetSysClockFreq)
    HAL_RCC_OscConfig                        0x08001599   Thumb Code  1086  stm32f4xx_hal_rcc.o(i.HAL_RCC_OscConfig)
    HAL_SD_ConfigWideBusOperation            0x080019e1   Thumb Code   168  stm32f4xx_hal_sd.o(i.HAL_SD_ConfigWideBusOperation)
    HAL_SD_GetCardCSD                        0x08001a89   Thumb Code   496  stm32f4xx_hal_sd.o(i.HAL_SD_GetCardCSD)
    HAL_SD_GetCardInfo                       0x08001c79   Thumb Code    38  stm32f4xx_hal_sd.o(i.HAL_SD_GetCardInfo)
    HAL_SD_GetCardState                      0x08001c9f   Thumb Code    40  stm32f4xx_hal_sd.o(i.HAL_SD_GetCardState)
    HAL_SD_Init                              0x08001cc7   Thumb Code    54  stm32f4xx_hal_sd.o(i.HAL_SD_Init)
    HAL_SD_InitCard                          0x08001cfd   Thumb Code   128  stm32f4xx_hal_sd.o(i.HAL_SD_InitCard)
    HAL_SD_MspInit                           0x08001d81   Thumb Code   108  sdio.o(i.HAL_SD_MspInit)
    HAL_SD_ReadBlocks                        0x08001dfd   Thumb Code   588  stm32f4xx_hal_sd.o(i.HAL_SD_ReadBlocks)
    HAL_SD_WriteBlocks                       0x08002049   Thumb Code   516  stm32f4xx_hal_sd.o(i.HAL_SD_WriteBlocks)
    HAL_SYSTICK_CLKSourceConfig              0x0800224d   Thumb Code    40  stm32f4xx_hal_cortex.o(i.HAL_SYSTICK_CLKSourceConfig)
    HAL_SYSTICK_Callback                     0x08002275   Thumb Code     2  stm32f4xx_hal_cortex.o(i.HAL_SYSTICK_Callback)
    HAL_SYSTICK_Config                       0x08002277   Thumb Code    52  stm32f4xx_hal_cortex.o(i.HAL_SYSTICK_Config)
    HAL_SYSTICK_IRQHandler                   0x080022ab   Thumb Code     8  stm32f4xx_hal_cortex.o(i.HAL_SYSTICK_IRQHandler)
    HAL_UART_ErrorCallback                   0x080022b3   Thumb Code     2  stm32f4xx_hal_uart.o(i.HAL_UART_ErrorCallback)
    HAL_UART_IRQHandler                      0x080022b5   Thumb Code   326  stm32f4xx_hal_uart.o(i.HAL_UART_IRQHandler)
    HAL_UART_Init                            0x08002401   Thumb Code   114  stm32f4xx_hal_uart.o(i.HAL_UART_Init)
    HAL_UART_MspInit                         0x08002475   Thumb Code    96  usart.o(i.HAL_UART_MspInit)
    HAL_UART_RxCpltCallback                  0x080024e1   Thumb Code     2  stm32f4xx_hal_uart.o(i.HAL_UART_RxCpltCallback)
    HAL_UART_Transmit                        0x080024e3   Thumb Code   214  stm32f4xx_hal_uart.o(i.HAL_UART_Transmit)
    HAL_UART_TxCpltCallback                  0x080025b9   Thumb Code     2  stm32f4xx_hal_uart.o(i.HAL_UART_TxCpltCallback)
    HardFault_Handler                        0x080025bb   Thumb Code     4  stm32f4xx_it.o(i.HardFault_Handler)
    MX_CRC_Init                              0x080025c1   Thumb Code    26  crc.o(i.MX_CRC_Init)
    MX_FATFS_Init                            0x080025f5   Thumb Code    42  fatfs.o(i.MX_FATFS_Init)
    MX_GPIO_Init                             0x08002645   Thumb Code   196  gpio.o(i.MX_GPIO_Init)
    MX_SDIO_SD_Init                          0x08002711   Thumb Code    26  sdio.o(i.MX_SDIO_SD_Init)
    MX_USART1_UART_Init                      0x08002735   Thumb Code    50  usart.o(i.MX_USART1_UART_Init)
    MemManage_Handler                        0x08002781   Thumb Code     4  stm32f4xx_it.o(i.MemManage_Handler)
    NMI_Handler                              0x08002785   Thumb Code     2  stm32f4xx_it.o(i.NMI_Handler)
    PendSV_Handler                           0x080027c1   Thumb Code     2  stm32f4xx_it.o(i.PendSV_Handler)
    SDIO_ConfigData                          0x080027c3   Thumb Code    44  stm32f4xx_ll_sdmmc.o(i.SDIO_ConfigData)
    SDIO_GetCommandResponse                  0x080027ef   Thumb Code     8  stm32f4xx_ll_sdmmc.o(i.SDIO_GetCommandResponse)
    SDIO_GetPowerState                       0x080027f7   Thumb Code    10  stm32f4xx_ll_sdmmc.o(i.SDIO_GetPowerState)
    SDIO_GetResponse                         0x08002801   Thumb Code    22  stm32f4xx_ll_sdmmc.o(i.SDIO_GetResponse)
    SDIO_Init                                0x08002817   Thumb Code    52  stm32f4xx_ll_sdmmc.o(i.SDIO_Init)
    SDIO_PowerState_ON                       0x0800284b   Thumb Code    10  stm32f4xx_ll_sdmmc.o(i.SDIO_PowerState_ON)
    SDIO_ReadFIFO                            0x08002855   Thumb Code     8  stm32f4xx_ll_sdmmc.o(i.SDIO_ReadFIFO)
    SDIO_SendCommand                         0x0800285d   Thumb Code    40  stm32f4xx_ll_sdmmc.o(i.SDIO_SendCommand)
    SDIO_WriteFIFO                           0x08002885   Thumb Code    12  stm32f4xx_ll_sdmmc.o(i.SDIO_WriteFIFO)
    SDMMC_CmdAppCommand                      0x08002891   Thumb Code    58  stm32f4xx_ll_sdmmc.o(i.SDMMC_CmdAppCommand)
    SDMMC_CmdAppOperCommand                  0x080028cd   Thumb Code    56  stm32f4xx_ll_sdmmc.o(i.SDMMC_CmdAppOperCommand)
    SDMMC_CmdBlockLength                     0x08002909   Thumb Code    58  stm32f4xx_ll_sdmmc.o(i.SDMMC_CmdBlockLength)
    SDMMC_CmdBusWidth                        0x08002943   Thumb Code    58  stm32f4xx_ll_sdmmc.o(i.SDMMC_CmdBusWidth)
    SDMMC_CmdGoIdleState                     0x0800297d   Thumb Code    46  stm32f4xx_ll_sdmmc.o(i.SDMMC_CmdGoIdleState)
    SDMMC_CmdOperCond                        0x080029ab   Thumb Code    54  stm32f4xx_ll_sdmmc.o(i.SDMMC_CmdOperCond)
    SDMMC_CmdReadMultiBlock                  0x080029e1   Thumb Code    58  stm32f4xx_ll_sdmmc.o(i.SDMMC_CmdReadMultiBlock)
    SDMMC_CmdReadSingleBlock                 0x08002a1b   Thumb Code    58  stm32f4xx_ll_sdmmc.o(i.SDMMC_CmdReadSingleBlock)
    SDMMC_CmdSelDesel                        0x08002a55   Thumb Code    60  stm32f4xx_ll_sdmmc.o(i.SDMMC_CmdSelDesel)
    SDMMC_CmdSendCID                         0x08002a91   Thumb Code    52  stm32f4xx_ll_sdmmc.o(i.SDMMC_CmdSendCID)
    SDMMC_CmdSendCSD                         0x08002ac5   Thumb Code    52  stm32f4xx_ll_sdmmc.o(i.SDMMC_CmdSendCSD)
    SDMMC_CmdSendSCR                         0x08002af9   Thumb Code    58  stm32f4xx_ll_sdmmc.o(i.SDMMC_CmdSendSCR)
    SDMMC_CmdSendStatus                      0x08002b33   Thumb Code    58  stm32f4xx_ll_sdmmc.o(i.SDMMC_CmdSendStatus)
    SDMMC_CmdSetRelAdd                       0x08002b6d   Thumb Code    58  stm32f4xx_ll_sdmmc.o(i.SDMMC_CmdSetRelAdd)
    SDMMC_CmdStopTransfer                    0x08002ba9   Thumb Code    56  stm32f4xx_ll_sdmmc.o(i.SDMMC_CmdStopTransfer)
    SDMMC_CmdWriteMultiBlock                 0x08002be5   Thumb Code    58  stm32f4xx_ll_sdmmc.o(i.SDMMC_CmdWriteMultiBlock)
    SDMMC_CmdWriteSingleBlock                0x08002c1f   Thumb Code    58  stm32f4xx_ll_sdmmc.o(i.SDMMC_CmdWriteSingleBlock)
    SD_initialize                            0x08003435   Thumb Code    32  sd_diskio.o(i.SD_initialize)
    SD_ioctl                                 0x08003459   Thumb Code   102  sd_diskio.o(i.SD_ioctl)
    SD_read                                  0x080034c5   Thumb Code    46  sd_diskio.o(i.SD_read)
    SD_status                                0x080034f3   Thumb Code    12  sd_diskio.o(i.SD_status)
    SD_write                                 0x080034ff   Thumb Code    46  sd_diskio.o(i.SD_write)
    SVC_Handler                              0x0800352d   Thumb Code     2  stm32f4xx_it.o(i.SVC_Handler)
    SysTick_Handler                          0x0800352f   Thumb Code    12  stm32f4xx_it.o(i.SysTick_Handler)
    SystemClock_Config                       0x0800353d   Thumb Code   196  main.o(i.SystemClock_Config)
    SystemInit                               0x08003619   Thumb Code    82  system_stm32f4xx.o(i.SystemInit)
    U8checkSum                               0x0800367d   Thumb Code    26  boot.o(i.U8checkSum)
    USART1_IRQHandler                        0x08003bc1   Thumb Code    10  stm32f4xx_it.o(i.USART1_IRQHandler)
    UsageFault_Handler                       0x08003bd1   Thumb Code     4  stm32f4xx_it.o(i.UsageFault_Handler)
    _Error_Handler                           0x08003bd5   Thumb Code     4  main.o(i._Error_Handler)
    __0sprintf                               0x08003bd9   Thumb Code    34  printfa.o(i.__0sprintf)
    __1sprintf                               0x08003bd9   Thumb Code     0  printfa.o(i.__0sprintf)
    __2sprintf                               0x08003bd9   Thumb Code     0  printfa.o(i.__0sprintf)
    __c89sprintf                             0x08003bd9   Thumb Code     0  printfa.o(i.__0sprintf)
    sprintf                                  0x08003bd9   Thumb Code     0  printfa.o(i.__0sprintf)
    __0vsprintf                              0x08003c01   Thumb Code    30  printfa.o(i.__0vsprintf)
    __1vsprintf                              0x08003c01   Thumb Code     0  printfa.o(i.__0vsprintf)
    __2vsprintf                              0x08003c01   Thumb Code     0  printfa.o(i.__0vsprintf)
    __c89vsprintf                            0x08003c01   Thumb Code     0  printfa.o(i.__0vsprintf)
    vsprintf                                 0x08003c01   Thumb Code     0  printfa.o(i.__0vsprintf)
    __scatterload_copy                       0x08003c25   Thumb Code    14  handlers.o(i.__scatterload_copy)
    __scatterload_null                       0x08003c33   Thumb Code     2  handlers.o(i.__scatterload_null)
    __scatterload_zeroinit                   0x08003c35   Thumb Code    14  handlers.o(i.__scatterload_zeroinit)
    boot                                     0x08004501   Thumb Code   360  boot.o(i.boot)
    disk_initialize                          0x08004d65   Thumb Code    40  diskio.o(i.disk_initialize)
    disk_ioctl                               0x08004d91   Thumb Code    36  diskio.o(i.disk_ioctl)
    disk_read                                0x08004db9   Thumb Code    42  diskio.o(i.disk_read)
    disk_status                              0x08004de9   Thumb Code    24  diskio.o(i.disk_status)
    disk_write                               0x08004e05   Thumb Code    42  diskio.o(i.disk_write)
    f_close                                  0x08004e5d   Thumb Code    44  ff.o(i.f_close)
    f_mkfs                                   0x08004e89   Thumb Code  1654  ff.o(i.f_mkfs)
    f_mount                                  0x0800550d   Thumb Code    92  ff.o(i.f_mount)
    f_open                                   0x0800556d   Thumb Code   560  ff.o(i.f_open)
    f_read                                   0x0800579d   Thumb Code   428  ff.o(i.f_read)
    f_sync                                   0x08005949   Thumb Code   160  ff.o(i.f_sync)
    f_unlink                                 0x080059e9   Thumb Code   182  ff.o(i.f_unlink)
    f_write                                  0x08005a9f   Thumb Code   494  ff.o(i.f_write)
    fatfsTeat                                0x08005c8d   Thumb Code   174  fatfs.o(i.fatfsTeat)
    fileErrProcess                           0x08005d6d   Thumb Code    28  fatfs.o(i.fileErrProcess)
    get_fattime                              0x08006213   Thumb Code     4  fatfs.o(i.get_fattime)
    main                                     0x08006369   Thumb Code   128  main.o(i.main)
    readLoadInfo                             0x080065d5   Thumb Code   260  boot.o(i.readLoadInfo)
    saveLoadInfo                             0x08006821   Thumb Code   112  boot.o(i.saveLoadInfo)
    SD_Driver                                0x08006a1c   Data          20  sd_diskio.o(.constdata)
    AHBPrescTable                            0x08006a30   Data          16  system_stm32f4xx.o(.constdata)
    APBPrescTable                            0x08006a40   Data           8  system_stm32f4xx.o(.constdata)
    Region$$Table$$Base                      0x08006ae4   Number         0  anon$$obj.o(Region$$Table)
    Region$$Table$$Limit                     0x08006b04   Number         0  anon$$obj.o(Region$$Table)
    JumpToApplication                        0x20000000   Data           4  main.o(.data)
    JumpAddress                              0x20000004   Data           4  main.o(.data)
    hcrc                                     0x20000008   Data           8  crc.o(.data)
    retSD                                    0x20000011   Data           1  fatfs.o(.data)
    SDPath                                   0x20000012   Data           4  fatfs.o(.data)
    SD_STATUS                                0x20000016   Data           1  fatfs.o(.data)
    uwTick                                   0x20000018   Data           4  stm32f4xx_hal.o(.data)
    uwTickPrio                               0x2000001c   Data           4  stm32f4xx_hal.o(.data)
    uwTickFreq                               0x20000020   Data           1  stm32f4xx_hal.o(.data)
    SystemCoreClock                          0x20000024   Data           4  system_stm32f4xx.o(.data)
    SDFatFS                                  0x20000430   Data         560  fatfs.o(.bss)
    SDFile                                   0x20000660   Data         560  fatfs.o(.bss)
    filename                                 0x20000a90   Data         256  fatfs.o(.bss)
    hsd                                      0x20000b90   Data         132  sdio.o(.bss)
    huart1                                   0x20000c14   Data          64  usart.o(.bss)
    load                                     0x20000c54   Data          21  boot.o(.bss)
    rxfileBuf                                0x20000c69   Data         512  boot.o(.bss)
    pFlash                                   0x20000e6c   Data          32  stm32f4xx_hal_flash.o(.bss)
    disk                                     0x20000eac   Data          12  ff_gen_drv.o(.bss)
    __initial_sp                             0x200016b8   Data           0  startup_stm32f407xx.o(STACK)



==============================================================================

Memory Map of the image

  Image Entry point : 0x08000189

  Load Region LR_IROM1 (Base: 0x08000000, Size: 0x00006b34, Max: 0x00100000, ABSOLUTE)

    Execution Region ER_IROM1 (Exec base: 0x08000000, Load base: 0x08000000, Size: 0x00006b04, Max: 0x00100000, ABSOLUTE)

    Exec Addr    Load Addr    Size         Type   Attr      Idx    E Section Name        Object

    0x08000000   0x08000000   0x00000188   Data   RO            3    RESET               startup_stm32f407xx.o
    0x08000188   0x08000188   0x00000000   Code   RO         3386  * .ARM.Collect$$$$00000000  mc_w.l(entry.o)
    0x08000188   0x08000188   0x00000004   Code   RO         3658    .ARM.Collect$$$$00000001  mc_w.l(entry2.o)
    0x0800018c   0x0800018c   0x00000004   Code   RO         3661    .ARM.Collect$$$$00000004  mc_w.l(entry5.o)
    0x08000190   0x08000190   0x00000000   Code   RO         3663    .ARM.Collect$$$$00000008  mc_w.l(entry7b.o)
    0x08000190   0x08000190   0x00000000   Code   RO         3665    .ARM.Collect$$$$0000000A  mc_w.l(entry8b.o)
    0x08000190   0x08000190   0x00000008   Code   RO         3666    .ARM.Collect$$$$0000000B  mc_w.l(entry9a.o)
    0x08000198   0x08000198   0x00000000   Code   RO         3668    .ARM.Collect$$$$0000000D  mc_w.l(entry10a.o)
    0x08000198   0x08000198   0x00000000   Code   RO         3670    .ARM.Collect$$$$0000000F  mc_w.l(entry11a.o)
    0x08000198   0x08000198   0x00000004   Code   RO         3659    .ARM.Collect$$$$00002712  mc_w.l(entry2.o)
    0x0800019c   0x0800019c   0x00000024   Code   RO            4    .text               startup_stm32f407xx.o
    0x080001c0   0x080001c0   0x00000062   Code   RO         3389    .text               mc_w.l(uldiv.o)
    0x08000222   0x08000222   0x00000024   Code   RO         3391    .text               mc_w.l(memcpya.o)
    0x08000246   0x08000246   0x0000000e   Code   RO         3393    .text               mc_w.l(strlen.o)
    0x08000254   0x08000254   0x0000002c   Code   RO         3675    .text               mc_w.l(uidiv.o)
    0x08000280   0x08000280   0x0000001e   Code   RO         3677    .text               mc_w.l(llshl.o)
    0x0800029e   0x0800029e   0x00000020   Code   RO         3679    .text               mc_w.l(llushr.o)
    0x080002be   0x080002be   0x00000000   Code   RO         3681    .text               mc_w.l(iusefp.o)
    0x080002be   0x080002be   0x0000014e   Code   RO         3682    .text               mf_w.l(dadd.o)
    0x0800040c   0x0800040c   0x000000e4   Code   RO         3684    .text               mf_w.l(dmul.o)
    0x080004f0   0x080004f0   0x000000de   Code   RO         3686    .text               mf_w.l(ddiv.o)
    0x080005ce   0x080005ce   0x00000030   Code   RO         3688    .text               mf_w.l(dfixul.o)
    0x080005fe   0x080005fe   0x00000002   PAD
    0x08000600   0x08000600   0x00000030   Code   RO         3690    .text               mf_w.l(cdrcmple.o)
    0x08000630   0x08000630   0x00000024   Code   RO         3692    .text               mc_w.l(init.o)
    0x08000654   0x08000654   0x00000024   Code   RO         3695    .text               mc_w.l(llsshr.o)
    0x08000678   0x08000678   0x000000ba   Code   RO         3698    .text               mf_w.l(depilogue.o)
    0x08000732   0x08000732   0x00000002   PAD
    0x08000734   0x08000734   0x00000040   Code   RO           13    i.Ac_pf             main.o
    0x08000774   0x08000774   0x00000014   Code   RO          289    i.BSP_SD_GetCardInfo  bsp_driver_sd.o
    0x08000788   0x08000788   0x00000018   Code   RO          290    i.BSP_SD_GetCardState  bsp_driver_sd.o
    0x080007a0   0x080007a0   0x00000030   Code   RO          293    i.BSP_SD_Init       bsp_driver_sd.o
    0x080007d0   0x080007d0   0x0000000c   Code   RO          294    i.BSP_SD_IsDetected  bsp_driver_sd.o
    0x080007dc   0x080007dc   0x00000030   Code   RO          295    i.BSP_SD_ReadBlocks  bsp_driver_sd.o
    0x0800080c   0x0800080c   0x00000030   Code   RO          298    i.BSP_SD_WriteBlocks  bsp_driver_sd.o
    0x0800083c   0x0800083c   0x00000004   Code   RO          621    i.BusFault_Handler  stm32f4xx_it.o
    0x08000840   0x08000840   0x00000002   Code   RO          622    i.DebugMon_Handler  stm32f4xx_it.o
    0x08000842   0x08000842   0x00000002   PAD
    0x08000844   0x08000844   0x00000040   Code   RO          775    i.EraseSpace        flash.o
    0x08000884   0x08000884   0x00000012   Code   RO         3339    i.FATFS_LinkDriver  ff_gen_drv.o
    0x08000896   0x08000896   0x00000002   PAD
    0x08000898   0x08000898   0x00000054   Code   RO         3340    i.FATFS_LinkDriverEx  ff_gen_drv.o
    0x080008ec   0x080008ec   0x0000005c   Code   RO         2048    i.FLASH_Erase_Sector  stm32f4xx_hal_flash_ex.o
    0x08000948   0x08000948   0x00000078   Code   RO         2049    i.FLASH_FlushCaches  stm32f4xx_hal_flash_ex.o
    0x080009c0   0x080009c0   0x00000030   Code   RO         2050    i.FLASH_MassErase   stm32f4xx_hal_flash_ex.o
    0x080009f0   0x080009f0   0x00000024   Code   RO         1930    i.FLASH_Program_Byte  stm32f4xx_hal_flash.o
    0x08000a14   0x08000a14   0x0000002c   Code   RO         1931    i.FLASH_Program_DoubleWord  stm32f4xx_hal_flash.o
    0x08000a40   0x08000a40   0x00000028   Code   RO         1932    i.FLASH_Program_HalfWord  stm32f4xx_hal_flash.o
    0x08000a68   0x08000a68   0x00000028   Code   RO         1933    i.FLASH_Program_Word  stm32f4xx_hal_flash.o
    0x08000a90   0x08000a90   0x00000098   Code   RO         1934    i.FLASH_SetErrorCode  stm32f4xx_hal_flash.o
    0x08000b28   0x08000b28   0x00000064   Code   RO         1935    i.FLASH_WaitForLastOperation  stm32f4xx_hal_flash.o
    0x08000b8c   0x08000b8c   0x00000032   Code   RO          776    i.Flash_If_Erase    flash.o
    0x08000bbe   0x08000bbe   0x0000003e   Code   RO          777    i.Flash_If_Write    flash.o
    0x08000bfc   0x08000bfc   0x00000094   Code   RO          778    i.GetSector         flash.o
    0x08000c90   0x08000c90   0x00000024   Code   RO          820    i.HAL_CRC_Init      stm32f4xx_hal_crc.o
    0x08000cb4   0x08000cb4   0x00000034   Code   RO          242    i.HAL_CRC_MspInit   crc.o
    0x08000ce8   0x08000ce8   0x00000028   Code   RO         2282    i.HAL_DMA_Abort_IT  stm32f4xx_hal_dma.o
    0x08000d10   0x08000d10   0x00000028   Code   RO         2705    i.HAL_Delay         stm32f4xx_hal.o
    0x08000d38   0x08000d38   0x000000ac   Code   RO         2060    i.HAL_FLASHEx_Erase  stm32f4xx_hal_flash_ex.o
    0x08000de4   0x08000de4   0x00000014   Code   RO         1939    i.HAL_FLASH_Lock    stm32f4xx_hal_flash.o
    0x08000df8   0x08000df8   0x00000098   Code   RO         1944    i.HAL_FLASH_Program  stm32f4xx_hal_flash.o
    0x08000e90   0x08000e90   0x00000034   Code   RO         1946    i.HAL_FLASH_Unlock  stm32f4xx_hal_flash.o
    0x08000ec4   0x08000ec4   0x00000200   Code   RO         2174    i.HAL_GPIO_Init     stm32f4xx_hal_gpio.o
    0x080010c4   0x080010c4   0x0000000c   Code   RO         2178    i.HAL_GPIO_WritePin  stm32f4xx_hal_gpio.o
    0x080010d0   0x080010d0   0x0000000c   Code   RO         2711    i.HAL_GetTick       stm32f4xx_hal.o
    0x080010dc   0x080010dc   0x00000018   Code   RO         2715    i.HAL_IncTick       stm32f4xx_hal.o
    0x080010f4   0x080010f4   0x0000003c   Code   RO         2716    i.HAL_Init          stm32f4xx_hal.o
    0x08001130   0x08001130   0x0000004c   Code   RO         2717    i.HAL_InitTick      stm32f4xx_hal.o
    0x0800117c   0x0800117c   0x0000009c   Code   RO          703    i.HAL_MspInit       stm32f4xx_hal_msp.o
    0x08001218   0x08001218   0x0000001a   Code   RO         2563    i.HAL_NVIC_EnableIRQ  stm32f4xx_hal_cortex.o
    0x08001232   0x08001232   0x0000007c   Code   RO         2569    i.HAL_NVIC_SetPriority  stm32f4xx_hal_cortex.o
    0x080012ae   0x080012ae   0x00000002   PAD
    0x080012b0   0x080012b0   0x00000028   Code   RO         2570    i.HAL_NVIC_SetPriorityGrouping  stm32f4xx_hal_cortex.o
    0x080012d8   0x080012d8   0x00000044   Code   RO         2571    i.HAL_NVIC_SystemReset  stm32f4xx_hal_cortex.o
    0x0800131c   0x0800131c   0x00000180   Code   RO         1775    i.HAL_RCC_ClockConfig  stm32f4xx_hal_rcc.o
    0x0800149c   0x0800149c   0x0000000c   Code   RO         1780    i.HAL_RCC_GetHCLKFreq  stm32f4xx_hal_rcc.o
    0x080014a8   0x080014a8   0x00000020   Code   RO         1782    i.HAL_RCC_GetPCLK1Freq  stm32f4xx_hal_rcc.o
    0x080014c8   0x080014c8   0x00000020   Code   RO         1783    i.HAL_RCC_GetPCLK2Freq  stm32f4xx_hal_rcc.o
    0x080014e8   0x080014e8   0x000000b0   Code   RO         1784    i.HAL_RCC_GetSysClockFreq  stm32f4xx_hal_rcc.o
    0x08001598   0x08001598   0x00000448   Code   RO         1787    i.HAL_RCC_OscConfig  stm32f4xx_hal_rcc.o
    0x080019e0   0x080019e0   0x000000a8   Code   RO         1155    i.HAL_SD_ConfigWideBusOperation  stm32f4xx_hal_sd.o
    0x08001a88   0x08001a88   0x000001f0   Code   RO         1160    i.HAL_SD_GetCardCSD  stm32f4xx_hal_sd.o
    0x08001c78   0x08001c78   0x00000026   Code   RO         1161    i.HAL_SD_GetCardInfo  stm32f4xx_hal_sd.o
    0x08001c9e   0x08001c9e   0x00000028   Code   RO         1162    i.HAL_SD_GetCardState  stm32f4xx_hal_sd.o
    0x08001cc6   0x08001cc6   0x00000036   Code   RO         1167    i.HAL_SD_Init       stm32f4xx_hal_sd.o
    0x08001cfc   0x08001cfc   0x00000084   Code   RO         1168    i.HAL_SD_InitCard   stm32f4xx_hal_sd.o
    0x08001d80   0x08001d80   0x0000007c   Code   RO          538    i.HAL_SD_MspInit    sdio.o
    0x08001dfc   0x08001dfc   0x0000024c   Code   RO         1171    i.HAL_SD_ReadBlocks  stm32f4xx_hal_sd.o
    0x08002048   0x08002048   0x00000204   Code   RO         1176    i.HAL_SD_WriteBlocks  stm32f4xx_hal_sd.o
    0x0800224c   0x0800224c   0x00000028   Code   RO         2572    i.HAL_SYSTICK_CLKSourceConfig  stm32f4xx_hal_cortex.o
    0x08002274   0x08002274   0x00000002   Code   RO         2573    i.HAL_SYSTICK_Callback  stm32f4xx_hal_cortex.o
    0x08002276   0x08002276   0x00000034   Code   RO         2574    i.HAL_SYSTICK_Config  stm32f4xx_hal_cortex.o
    0x080022aa   0x080022aa   0x00000008   Code   RO         2575    i.HAL_SYSTICK_IRQHandler  stm32f4xx_hal_cortex.o
    0x080022b2   0x080022b2   0x00000002   Code   RO         1464    i.HAL_UART_ErrorCallback  stm32f4xx_hal_uart.o
    0x080022b4   0x080022b4   0x0000014c   Code   RO         1467    i.HAL_UART_IRQHandler  stm32f4xx_hal_uart.o
    0x08002400   0x08002400   0x00000072   Code   RO         1468    i.HAL_UART_Init     stm32f4xx_hal_uart.o
    0x08002472   0x08002472   0x00000002   PAD
    0x08002474   0x08002474   0x0000006c   Code   RO          580    i.HAL_UART_MspInit  usart.o
    0x080024e0   0x080024e0   0x00000002   Code   RO         1474    i.HAL_UART_RxCpltCallback  stm32f4xx_hal_uart.o
    0x080024e2   0x080024e2   0x000000d6   Code   RO         1476    i.HAL_UART_Transmit  stm32f4xx_hal_uart.o
    0x080025b8   0x080025b8   0x00000002   Code   RO         1479    i.HAL_UART_TxCpltCallback  stm32f4xx_hal_uart.o
    0x080025ba   0x080025ba   0x00000004   Code   RO          623    i.HardFault_Handler  stm32f4xx_it.o
    0x080025be   0x080025be   0x00000002   PAD
    0x080025c0   0x080025c0   0x00000034   Code   RO          243    i.MX_CRC_Init       crc.o
    0x080025f4   0x080025f4   0x00000050   Code   RO          488    i.MX_FATFS_Init     fatfs.o
    0x08002644   0x08002644   0x000000cc   Code   RO          210    i.MX_GPIO_Init      gpio.o
    0x08002710   0x08002710   0x00000024   Code   RO          539    i.MX_SDIO_SD_Init   sdio.o
    0x08002734   0x08002734   0x0000004c   Code   RO          581    i.MX_USART1_UART_Init  usart.o
    0x08002780   0x08002780   0x00000004   Code   RO          624    i.MemManage_Handler  stm32f4xx_it.o
    0x08002784   0x08002784   0x00000002   Code   RO          625    i.NMI_Handler       stm32f4xx_it.o
    0x08002786   0x08002786   0x00000002   PAD
    0x08002788   0x08002788   0x00000010   Code   RO         2576    i.NVIC_GetPriorityGrouping  stm32f4xx_hal_cortex.o
    0x08002798   0x08002798   0x00000028   Code   RO         2577    i.NVIC_SetPriority  stm32f4xx_hal_cortex.o
    0x080027c0   0x080027c0   0x00000002   Code   RO          626    i.PendSV_Handler    stm32f4xx_it.o
    0x080027c2   0x080027c2   0x0000002c   Code   RO          876    i.SDIO_ConfigData   stm32f4xx_ll_sdmmc.o
    0x080027ee   0x080027ee   0x00000008   Code   RO          877    i.SDIO_GetCommandResponse  stm32f4xx_ll_sdmmc.o
    0x080027f6   0x080027f6   0x0000000a   Code   RO          880    i.SDIO_GetPowerState  stm32f4xx_ll_sdmmc.o
    0x08002800   0x08002800   0x00000016   Code   RO          881    i.SDIO_GetResponse  stm32f4xx_ll_sdmmc.o
    0x08002816   0x08002816   0x00000034   Code   RO          882    i.SDIO_Init         stm32f4xx_ll_sdmmc.o
    0x0800284a   0x0800284a   0x0000000a   Code   RO          884    i.SDIO_PowerState_ON  stm32f4xx_ll_sdmmc.o
    0x08002854   0x08002854   0x00000008   Code   RO          885    i.SDIO_ReadFIFO     stm32f4xx_ll_sdmmc.o
    0x0800285c   0x0800285c   0x00000028   Code   RO          886    i.SDIO_SendCommand  stm32f4xx_ll_sdmmc.o
    0x08002884   0x08002884   0x0000000c   Code   RO          888    i.SDIO_WriteFIFO    stm32f4xx_ll_sdmmc.o
    0x08002890   0x08002890   0x0000003a   Code   RO          889    i.SDMMC_CmdAppCommand  stm32f4xx_ll_sdmmc.o
    0x080028ca   0x080028ca   0x00000002   PAD
    0x080028cc   0x080028cc   0x0000003c   Code   RO          890    i.SDMMC_CmdAppOperCommand  stm32f4xx_ll_sdmmc.o
    0x08002908   0x08002908   0x0000003a   Code   RO          891    i.SDMMC_CmdBlockLength  stm32f4xx_ll_sdmmc.o
    0x08002942   0x08002942   0x0000003a   Code   RO          892    i.SDMMC_CmdBusWidth  stm32f4xx_ll_sdmmc.o
    0x0800297c   0x0800297c   0x0000002e   Code   RO          896    i.SDMMC_CmdGoIdleState  stm32f4xx_ll_sdmmc.o
    0x080029aa   0x080029aa   0x00000036   Code   RO          898    i.SDMMC_CmdOperCond  stm32f4xx_ll_sdmmc.o
    0x080029e0   0x080029e0   0x0000003a   Code   RO          899    i.SDMMC_CmdReadMultiBlock  stm32f4xx_ll_sdmmc.o
    0x08002a1a   0x08002a1a   0x0000003a   Code   RO          900    i.SDMMC_CmdReadSingleBlock  stm32f4xx_ll_sdmmc.o
    0x08002a54   0x08002a54   0x0000003c   Code   RO          903    i.SDMMC_CmdSelDesel  stm32f4xx_ll_sdmmc.o
    0x08002a90   0x08002a90   0x00000034   Code   RO          904    i.SDMMC_CmdSendCID  stm32f4xx_ll_sdmmc.o
    0x08002ac4   0x08002ac4   0x00000034   Code   RO          905    i.SDMMC_CmdSendCSD  stm32f4xx_ll_sdmmc.o
    0x08002af8   0x08002af8   0x0000003a   Code   RO          906    i.SDMMC_CmdSendSCR  stm32f4xx_ll_sdmmc.o
    0x08002b32   0x08002b32   0x0000003a   Code   RO          907    i.SDMMC_CmdSendStatus  stm32f4xx_ll_sdmmc.o
    0x08002b6c   0x08002b6c   0x0000003a   Code   RO          908    i.SDMMC_CmdSetRelAdd  stm32f4xx_ll_sdmmc.o
    0x08002ba6   0x08002ba6   0x00000002   PAD
    0x08002ba8   0x08002ba8   0x0000003c   Code   RO          910    i.SDMMC_CmdStopTransfer  stm32f4xx_ll_sdmmc.o
    0x08002be4   0x08002be4   0x0000003a   Code   RO          912    i.SDMMC_CmdWriteMultiBlock  stm32f4xx_ll_sdmmc.o
    0x08002c1e   0x08002c1e   0x0000003a   Code   RO          913    i.SDMMC_CmdWriteSingleBlock  stm32f4xx_ll_sdmmc.o
    0x08002c58   0x08002c58   0x00000040   Code   RO          914    i.SDMMC_GetCmdError  stm32f4xx_ll_sdmmc.o
    0x08002c98   0x08002c98   0x000001a4   Code   RO          915    i.SDMMC_GetCmdResp1  stm32f4xx_ll_sdmmc.o
    0x08002e3c   0x08002e3c   0x0000005c   Code   RO          916    i.SDMMC_GetCmdResp2  stm32f4xx_ll_sdmmc.o
    0x08002e98   0x08002e98   0x00000050   Code   RO          917    i.SDMMC_GetCmdResp3  stm32f4xx_ll_sdmmc.o
    0x08002ee8   0x08002ee8   0x000000b0   Code   RO          918    i.SDMMC_GetCmdResp6  stm32f4xx_ll_sdmmc.o
    0x08002f98   0x08002f98   0x00000058   Code   RO          919    i.SDMMC_GetCmdResp7  stm32f4xx_ll_sdmmc.o
    0x08002ff0   0x08002ff0   0x00000028   Code   RO          428    i.SD_CheckStatus    sd_diskio.o
    0x08003018   0x08003018   0x0000012c   Code   RO         1184    i.SD_FindSCR        stm32f4xx_hal_sd.o
    0x08003144   0x08003144   0x000000fc   Code   RO         1185    i.SD_InitCard       stm32f4xx_hal_sd.o
    0x08003240   0x08003240   0x000000ee   Code   RO         1187    i.SD_PowerON        stm32f4xx_hal_sd.o
    0x0800332e   0x0800332e   0x00000032   Code   RO         1190    i.SD_SendStatus     stm32f4xx_hal_sd.o
    0x08003360   0x08003360   0x0000006a   Code   RO         1191    i.SD_WideBus_Disable  stm32f4xx_hal_sd.o
    0x080033ca   0x080033ca   0x0000006a   Code   RO         1192    i.SD_WideBus_Enable  stm32f4xx_hal_sd.o
    0x08003434   0x08003434   0x00000024   Code   RO          429    i.SD_initialize     sd_diskio.o
    0x08003458   0x08003458   0x0000006c   Code   RO          430    i.SD_ioctl          sd_diskio.o
    0x080034c4   0x080034c4   0x0000002e   Code   RO          431    i.SD_read           sd_diskio.o
    0x080034f2   0x080034f2   0x0000000c   Code   RO          432    i.SD_status         sd_diskio.o
    0x080034fe   0x080034fe   0x0000002e   Code   RO          433    i.SD_write          sd_diskio.o
    0x0800352c   0x0800352c   0x00000002   Code   RO          627    i.SVC_Handler       stm32f4xx_it.o
    0x0800352e   0x0800352e   0x0000000c   Code   RO          628    i.SysTick_Handler   stm32f4xx_it.o
    0x0800353a   0x0800353a   0x00000002   PAD
    0x0800353c   0x0800353c   0x000000dc   Code   RO           14    i.SystemClock_Config  main.o
    0x08003618   0x08003618   0x00000064   Code   RO         2870    i.SystemInit        system_stm32f4xx.o
    0x0800367c   0x0800367c   0x0000001a   Code   RO          727    i.U8checkSum        boot.o
    0x08003696   0x08003696   0x00000014   Code   RO         1481    i.UART_DMAAbortOnError  stm32f4xx_hal_uart.o
    0x080036aa   0x080036aa   0x00000020   Code   RO         1491    i.UART_EndRxTransfer  stm32f4xx_hal_uart.o
    0x080036ca   0x080036ca   0x00000020   Code   RO         1492    i.UART_EndTransmit_IT  stm32f4xx_hal_uart.o
    0x080036ea   0x080036ea   0x0000009a   Code   RO         1494    i.UART_Receive_IT   stm32f4xx_hal_uart.o
    0x08003784   0x08003784   0x00000368   Code   RO         1495    i.UART_SetConfig    stm32f4xx_hal_uart.o
    0x08003aec   0x08003aec   0x00000068   Code   RO         1496    i.UART_Transmit_IT  stm32f4xx_hal_uart.o
    0x08003b54   0x08003b54   0x0000006c   Code   RO         1497    i.UART_WaitOnFlagUntilTimeout  stm32f4xx_hal_uart.o
    0x08003bc0   0x08003bc0   0x00000010   Code   RO          629    i.USART1_IRQHandler  stm32f4xx_it.o
    0x08003bd0   0x08003bd0   0x00000004   Code   RO          630    i.UsageFault_Handler  stm32f4xx_it.o
    0x08003bd4   0x08003bd4   0x00000004   Code   RO           15    i._Error_Handler    main.o
    0x08003bd8   0x08003bd8   0x00000028   Code   RO         3632    i.__0sprintf        mc_w.l(printfa.o)
    0x08003c00   0x08003c00   0x00000024   Code   RO         3636    i.__0vsprintf       mc_w.l(printfa.o)
    0x08003c24   0x08003c24   0x0000000e   Code   RO         3702    i.__scatterload_copy  mc_w.l(handlers.o)
    0x08003c32   0x08003c32   0x00000002   Code   RO         3703    i.__scatterload_null  mc_w.l(handlers.o)
    0x08003c34   0x08003c34   0x0000000e   Code   RO         3704    i.__scatterload_zeroinit  mc_w.l(handlers.o)
    0x08003c42   0x08003c42   0x00000002   PAD
    0x08003c44   0x08003c44   0x00000184   Code   RO         3637    i._fp_digits        mc_w.l(printfa.o)
    0x08003dc8   0x08003dc8   0x000006dc   Code   RO         3638    i._printf_core      mc_w.l(printfa.o)
    0x080044a4   0x080044a4   0x00000024   Code   RO         3639    i._printf_post_padding  mc_w.l(printfa.o)
    0x080044c8   0x080044c8   0x0000002e   Code   RO         3640    i._printf_pre_padding  mc_w.l(printfa.o)
    0x080044f6   0x080044f6   0x0000000a   Code   RO         3642    i._sputc            mc_w.l(printfa.o)
    0x08004500   0x08004500   0x0000019c   Code   RO          728    i.boot              boot.o
    0x0800469c   0x0800469c   0x0000007c   Code   RO         2985    i.check_fs          ff.o
    0x08004718   0x08004718   0x00000014   Code   RO         2986    i.chk_chr           ff.o
    0x0800472c   0x0800472c   0x0000007c   Code   RO         2987    i.chk_lock          ff.o
    0x080047a8   0x080047a8   0x00000028   Code   RO         2988    i.clear_lock        ff.o
    0x080047d0   0x080047d0   0x00000032   Code   RO         2989    i.clmt_clust        ff.o
    0x08004802   0x08004802   0x0000001a   Code   RO         2990    i.clust2sect        ff.o
    0x0800481c   0x0800481c   0x000000de   Code   RO         2991    i.create_chain      ff.o
    0x080048fa   0x080048fa   0x00000002   PAD
    0x080048fc   0x080048fc   0x000000e0   Code   RO         2992    i.create_name       ff.o
    0x080049dc   0x080049dc   0x00000044   Code   RO         2993    i.dec_lock          ff.o
    0x08004a20   0x08004a20   0x00000060   Code   RO         2994    i.dir_alloc         ff.o
    0x08004a80   0x08004a80   0x0000006c   Code   RO         2995    i.dir_find          ff.o
    0x08004aec   0x08004aec   0x0000010c   Code   RO         2996    i.dir_next          ff.o
    0x08004bf8   0x08004bf8   0x00000074   Code   RO         2997    i.dir_read          ff.o
    0x08004c6c   0x08004c6c   0x0000003c   Code   RO         2998    i.dir_register      ff.o
    0x08004ca8   0x08004ca8   0x00000020   Code   RO         2999    i.dir_remove        ff.o
    0x08004cc8   0x08004cc8   0x0000009a   Code   RO         3000    i.dir_sdi           ff.o
    0x08004d62   0x08004d62   0x00000002   PAD
    0x08004d64   0x08004d64   0x0000002c   Code   RO         2930    i.disk_initialize   diskio.o
    0x08004d90   0x08004d90   0x00000028   Code   RO         2931    i.disk_ioctl        diskio.o
    0x08004db8   0x08004db8   0x00000030   Code   RO         2932    i.disk_read         diskio.o
    0x08004de8   0x08004de8   0x0000001c   Code   RO         2933    i.disk_status       diskio.o
    0x08004e04   0x08004e04   0x00000030   Code   RO         2934    i.disk_write        diskio.o
    0x08004e34   0x08004e34   0x00000028   Code   RO         3001    i.enq_lock          ff.o
    0x08004e5c   0x08004e5c   0x0000002c   Code   RO         3002    i.f_close           ff.o
    0x08004e88   0x08004e88   0x00000684   Code   RO         3008    i.f_mkfs            ff.o
    0x0800550c   0x0800550c   0x00000060   Code   RO         3009    i.f_mount           ff.o
    0x0800556c   0x0800556c   0x00000230   Code   RO         3010    i.f_open            ff.o
    0x0800579c   0x0800579c   0x000001ac   Code   RO         3015    i.f_read            ff.o
    0x08005948   0x08005948   0x000000a0   Code   RO         3019    i.f_sync            ff.o
    0x080059e8   0x080059e8   0x000000b6   Code   RO         3021    i.f_unlink          ff.o
    0x08005a9e   0x08005a9e   0x000001ee   Code   RO         3022    i.f_write           ff.o
    0x08005c8c   0x08005c8c   0x000000e0   Code   RO          489    i.fatfsTeat         fatfs.o
    0x08005d6c   0x08005d6c   0x00000024   Code   RO          490    i.fileErrProcess    fatfs.o
    0x08005d90   0x08005d90   0x00000300   Code   RO         3023    i.find_volume       ff.o
    0x08006090   0x08006090   0x000000a2   Code   RO         3024    i.follow_path       ff.o
    0x08006132   0x08006132   0x000000e0   Code   RO         3025    i.get_fat           ff.o
    0x08006212   0x08006212   0x00000004   Code   RO          491    i.get_fattime       fatfs.o
    0x08006216   0x08006216   0x00000048   Code   RO         3027    i.get_ldnumber      ff.o
    0x0800625e   0x0800625e   0x00000002   PAD
    0x08006260   0x08006260   0x000000bc   Code   RO         3028    i.inc_lock          ff.o
    0x0800631c   0x0800631c   0x00000026   Code   RO         3029    i.ld_clust          ff.o
    0x08006342   0x08006342   0x00000018   Code   RO         3030    i.ld_dword          ff.o
    0x0800635a   0x0800635a   0x0000000c   Code   RO         3031    i.ld_word           ff.o
    0x08006366   0x08006366   0x00000002   PAD
    0x08006368   0x08006368   0x000000b0   Code   RO           16    i.main              main.o
    0x08006418   0x08006418   0x00000024   Code   RO         3032    i.mem_cmp           ff.o
    0x0800643c   0x0800643c   0x0000001a   Code   RO         3033    i.mem_cpy           ff.o
    0x08006456   0x08006456   0x00000012   Code   RO         3034    i.mem_set           ff.o
    0x08006468   0x08006468   0x00000034   Code   RO         3035    i.move_window       ff.o
    0x0800649c   0x0800649c   0x00000138   Code   RO         3036    i.put_fat           ff.o
    0x080065d4   0x080065d4   0x000001b0   Code   RO          729    i.readLoadInfo      boot.o
    0x08006784   0x08006784   0x0000009a   Code   RO         3040    i.remove_chain      ff.o
    0x0800681e   0x0800681e   0x00000002   PAD
    0x08006820   0x08006820   0x00000094   Code   RO          730    i.saveLoadInfo      boot.o
    0x080068b4   0x080068b4   0x00000024   Code   RO         3041    i.st_clust          ff.o
    0x080068d8   0x080068d8   0x00000018   Code   RO         3042    i.st_dword          ff.o
    0x080068f0   0x080068f0   0x0000000c   Code   RO         3043    i.st_word           ff.o
    0x080068fc   0x080068fc   0x00000090   Code   RO         3044    i.sync_fs           ff.o
    0x0800698c   0x0800698c   0x00000052   Code   RO         3045    i.sync_window       ff.o
    0x080069de   0x080069de   0x0000003c   Code   RO         3046    i.validate          ff.o
    0x08006a1a   0x08006a1a   0x00000002   PAD
    0x08006a1c   0x08006a1c   0x00000014   Data   RO          434    .constdata          sd_diskio.o
    0x08006a30   0x08006a30   0x00000018   Data   RO         2871    .constdata          system_stm32f4xx.o
    0x08006a48   0x08006a48   0x0000009c   Data   RO         3048    .constdata          ff.o
    0x08006ae4   0x08006ae4   0x00000020   Data   RO         3700    Region$$Table       anon$$obj.o


    Execution Region RW_IRAM1 (Exec base: 0x20000000, Load base: 0x08006b04, Size: 0x000016b8, Max: 0x00020000, ABSOLUTE)

    Exec Addr    Load Addr    Size         Type   Attr      Idx    E Section Name        Object

    0x20000000   0x08006b04   0x00000008   Data   RW           18    .data               main.o
    0x20000008   0x08006b0c   0x00000008   Data   RW          244    .data               crc.o
    0x20000010   0x08006b14   0x00000001   Data   RW          435    .data               sd_diskio.o
    0x20000011   0x08006b15   0x00000006   Data   RW          493    .data               fatfs.o
    0x20000017   0x08006b1b   0x00000001   PAD
    0x20000018   0x08006b1c   0x00000009   Data   RW         2723    .data               stm32f4xx_hal.o
    0x20000021   0x08006b25   0x00000003   PAD
    0x20000024   0x08006b28   0x00000004   Data   RW         2872    .data               system_stm32f4xx.o
    0x20000028   0x08006b2c   0x00000006   Data   RW         3049    .data               ff.o
    0x2000002e   0x08006b32   0x00000002   PAD
    0x20000030        -       0x00000400   Zero   RW           17    .bss                main.o
    0x20000430        -       0x00000760   Zero   RW          492    .bss                fatfs.o
    0x20000b90        -       0x00000084   Zero   RW          540    .bss                sdio.o
    0x20000c14        -       0x00000040   Zero   RW          582    .bss                usart.o
    0x20000c54        -       0x00000215   Zero   RW          731    .bss                boot.o
    0x20000e69   0x08006b32   0x00000003   PAD
    0x20000e6c        -       0x00000020   Zero   RW         1947    .bss                stm32f4xx_hal_flash.o
    0x20000e8c        -       0x00000020   Zero   RW         3047    .bss                ff.o
    0x20000eac        -       0x0000000c   Zero   RW         3343    .bss                ff_gen_drv.o
    0x20000eb8        -       0x00000800   Zero   RW            1    STACK               startup_stm32f407xx.o


==============================================================================

Image component sizes


      Code (inc. data)   RO Data    RW Data    ZI Data      Debug   Object Name

      1018        260          0          0        533       3691   boot.o
       200         26          0          0          0       3896   bsp_driver_sd.o
       104         34          0          8          0       1359   crc.o
       208         24          0          0          0       3741   diskio.o
       344         96          0          6       1888       3020   fatfs.o
      7848        166        156          6         32      40941   ff.o
       102          6          0          0         12       1599   ff_gen_drv.o
       324         34          0          0          0       3079   flash.o
       204          8          0          0          0        927   gpio.o
       464         82          0          8       1024     695245   main.o
       288         16         20          1          0       4280   sd_diskio.o
       160         26          0          0        132       1485   sdio.o
        36          8        392          0       2048        812   startup_stm32f407xx.o
       212         36          0          9          0       4393   stm32f4xx_hal.o
       416         30          0          0          0      32988   stm32f4xx_hal_cortex.o
        36          0          0          0          0        991   stm32f4xx_hal_crc.o
        40          0          0          0          0       1083   stm32f4xx_hal_dma.o
       636         64          0          0         32       5718   stm32f4xx_hal_flash.o
       432         26          0          0          0       3134   stm32f4xx_hal_flash_ex.o
       524         46          0          0          0       2240   stm32f4xx_hal_gpio.o
       156          6          0          0          0        850   stm32f4xx_hal_msp.o
      1732         84          0          0          0       5360   stm32f4xx_hal_rcc.o
      3084          4          0          0          0      12852   stm32f4xx_hal_sd.o
      1988         14          0          0          0       9375   stm32f4xx_hal_uart.o
        52          6          0          0          0       4358   stm32f4xx_it.o
      2090         40          0          0          0      23291   stm32f4xx_ll_sdmmc.o
       100         18         24          4          0       1083   system_stm32f4xx.o
       184         38          0          0         64       1530   usart.o

    ----------------------------------------------------------------------
     23012       1198        624         48       5768     873321   Object Totals
         0          0         32          0          0          0   (incl. Generated)
        30          0          0          6          3          0   (incl. Padding)

    ----------------------------------------------------------------------

      Code (inc. data)   RO Data    RW Data    ZI Data      Debug   Library Member Name

         0          0          0          0          0          0   entry.o
         0          0          0          0          0          0   entry10a.o
         0          0          0          0          0          0   entry11a.o
         8          4          0          0          0          0   entry2.o
         4          0          0          0          0          0   entry5.o
         0          0          0          0          0          0   entry7b.o
         0          0          0          0          0          0   entry8b.o
         8          4          0          0          0          0   entry9a.o
        30          0          0          0          0          0   handlers.o
        36          8          0          0          0         68   init.o
         0          0          0          0          0          0   iusefp.o
        30          0          0          0          0         68   llshl.o
        36          0          0          0          0         68   llsshr.o
        32          0          0          0          0         68   llushr.o
        36          0          0          0          0         68   memcpya.o
      2312         92          0          0          0        600   printfa.o
        14          0          0          0          0         68   strlen.o
        44          0          0          0          0         80   uidiv.o
        98          0          0          0          0         92   uldiv.o
        48          0          0          0          0         68   cdrcmple.o
       334          0          0          0          0        148   dadd.o
       222          0          0          0          0        100   ddiv.o
       186          0          0          0          0        176   depilogue.o
        48          0          0          0          0         68   dfixul.o
       228          0          0          0          0         96   dmul.o

    ----------------------------------------------------------------------
      3760        108          0          0          0       1836   Library Totals
         6          0          0          0          0          0   (incl. Padding)

    ----------------------------------------------------------------------

      Code (inc. data)   RO Data    RW Data    ZI Data      Debug   Library Name

      2688        108          0          0          0       1180   mc_w.l
      1066          0          0          0          0        656   mf_w.l

    ----------------------------------------------------------------------
      3760        108          0          0          0       1836   Library Totals

    ----------------------------------------------------------------------

==============================================================================


      Code (inc. data)   RO Data    RW Data    ZI Data      Debug   

     26772       1306        624         48       5768     855525   Grand Totals
     26772       1306        624         48       5768     855525   ELF Image Totals
     26772       1306        624         48          0          0   ROM Totals

==============================================================================

    Total RO  Size (Code + RO Data)                27396 (  26.75kB)
    Total RW  Size (RW Data + ZI Data)              5816 (   5.68kB)
    Total ROM Size (Code + RO Data + RW Data)      27444 (  26.80kB)

==============================================================================

